Archive member included to satisfy reference by file (symbol)

c:/program files/microchip/xc8/v2.31/avr/bin/../lib/gcc/avr/5.4.0/../../../../avr/lib/avr5/memx-const\libm.a(addsf3.o)
                              REF/PID.o (__subsf3)
c:/program files/microchip/xc8/v2.31/avr/bin/../lib/gcc/avr/5.4.0/../../../../avr/lib/avr5/memx-const\libm.a(addsf3x.o)
                              c:/program files/microchip/xc8/v2.31/avr/bin/../lib/gcc/avr/5.4.0/../../../../avr/lib/avr5/memx-const\libm.a(addsf3.o) (__addsf3x)
c:/program files/microchip/xc8/v2.31/avr/bin/../lib/gcc/avr/5.4.0/../../../../avr/lib/avr5/memx-const\libm.a(cmpsf2.o)
                              REF/PID.o (__ltsf2)
c:/program files/microchip/xc8/v2.31/avr/bin/../lib/gcc/avr/5.4.0/../../../../avr/lib/avr5/memx-const\libm.a(divsf3.o)
                              REF/PID.o (__divsf3)
c:/program files/microchip/xc8/v2.31/avr/bin/../lib/gcc/avr/5.4.0/../../../../avr/lib/avr5/memx-const\libm.a(divsf3x.o)
                              c:/program files/microchip/xc8/v2.31/avr/bin/../lib/gcc/avr/5.4.0/../../../../avr/lib/avr5/memx-const\libm.a(divsf3.o) (__divsf3x)
c:/program files/microchip/xc8/v2.31/avr/bin/../lib/gcc/avr/5.4.0/../../../../avr/lib/avr5/memx-const\libm.a(fixunssfsi.o)
                              REF/PID.o (__fixunssfsi)
c:/program files/microchip/xc8/v2.31/avr/bin/../lib/gcc/avr/5.4.0/../../../../avr/lib/avr5/memx-const\libm.a(floatsisf.o)
                              main.o (__floatunsisf)
c:/program files/microchip/xc8/v2.31/avr/bin/../lib/gcc/avr/5.4.0/../../../../avr/lib/avr5/memx-const\libm.a(fp_cmp.o)
                              c:/program files/microchip/xc8/v2.31/avr/bin/../lib/gcc/avr/5.4.0/../../../../avr/lib/avr5/memx-const\libm.a(cmpsf2.o) (__fp_cmp)
c:/program files/microchip/xc8/v2.31/avr/bin/../lib/gcc/avr/5.4.0/../../../../avr/lib/avr5/memx-const\libm.a(fp_inf.o)
                              c:/program files/microchip/xc8/v2.31/avr/bin/../lib/gcc/avr/5.4.0/../../../../avr/lib/avr5/memx-const\libm.a(addsf3x.o) (__fp_inf)
c:/program files/microchip/xc8/v2.31/avr/bin/../lib/gcc/avr/5.4.0/../../../../avr/lib/avr5/memx-const\libm.a(fp_nan.o)
                              c:/program files/microchip/xc8/v2.31/avr/bin/../lib/gcc/avr/5.4.0/../../../../avr/lib/avr5/memx-const\libm.a(addsf3x.o) (__fp_nan)
c:/program files/microchip/xc8/v2.31/avr/bin/../lib/gcc/avr/5.4.0/../../../../avr/lib/avr5/memx-const\libm.a(fp_pscA.o)
                              c:/program files/microchip/xc8/v2.31/avr/bin/../lib/gcc/avr/5.4.0/../../../../avr/lib/avr5/memx-const\libm.a(addsf3x.o) (__fp_pscA)
c:/program files/microchip/xc8/v2.31/avr/bin/../lib/gcc/avr/5.4.0/../../../../avr/lib/avr5/memx-const\libm.a(fp_pscB.o)
                              c:/program files/microchip/xc8/v2.31/avr/bin/../lib/gcc/avr/5.4.0/../../../../avr/lib/avr5/memx-const\libm.a(addsf3x.o) (__fp_pscB)
c:/program files/microchip/xc8/v2.31/avr/bin/../lib/gcc/avr/5.4.0/../../../../avr/lib/avr5/memx-const\libm.a(fp_round.o)
                              c:/program files/microchip/xc8/v2.31/avr/bin/../lib/gcc/avr/5.4.0/../../../../avr/lib/avr5/memx-const\libm.a(addsf3.o) (__fp_round)
c:/program files/microchip/xc8/v2.31/avr/bin/../lib/gcc/avr/5.4.0/../../../../avr/lib/avr5/memx-const\libm.a(fp_split3.o)
                              c:/program files/microchip/xc8/v2.31/avr/bin/../lib/gcc/avr/5.4.0/../../../../avr/lib/avr5/memx-const\libm.a(addsf3x.o) (__fp_split3)
c:/program files/microchip/xc8/v2.31/avr/bin/../lib/gcc/avr/5.4.0/../../../../avr/lib/avr5/memx-const\libm.a(fp_zero.o)
                              c:/program files/microchip/xc8/v2.31/avr/bin/../lib/gcc/avr/5.4.0/../../../../avr/lib/avr5/memx-const\libm.a(addsf3x.o) (__fp_zero)
c:/program files/microchip/xc8/v2.31/avr/bin/../lib/gcc/avr/5.4.0/../../../../avr/lib/avr5/memx-const\libm.a(gesf2.o)
                              REF/PID.o (__gtsf2)
c:/program files/microchip/xc8/v2.31/avr/bin/../lib/gcc/avr/5.4.0/../../../../avr/lib/avr5/memx-const\libm.a(mulsf3.o)
                              REF/PID.o (__mulsf3)
c:/program files/microchip/xc8/v2.31/avr/bin/../lib/gcc/avr/5.4.0/../../../../avr/lib/avr5/memx-const\libm.a(mulsf3x.o)
                              c:/program files/microchip/xc8/v2.31/avr/bin/../lib/gcc/avr/5.4.0/../../../../avr/lib/avr5/memx-const\libm.a(mulsf3.o) (__mulsf3x)
c:/program files/microchip/xc8/v2.31/avr/bin/../lib/gcc/avr/5.4.0/avr5/memx-const\libgcc.a(_udivmodhi4.o)
                              MCAL/I2C_program.o (__udivmodhi4)
c:/program files/microchip/xc8/v2.31/avr/bin/../lib/gcc/avr/5.4.0/avr5/memx-const\libgcc.a(_udivmodsi4.o)
                              HAL/ESC_program.o (__udivmodsi4)
c:/program files/microchip/xc8/v2.31/avr/bin/../lib/gcc/avr/5.4.0/avr5/memx-const\libgcc.a(_exit.o)
                              C:/Program Files (x86)/Atmel/Studio/7.0/Packs/atmel/ATmega_DFP/1.6.364/xc8/avr/lib/avr5/memx-const/crtatmega328p.o (exit)
c:/program files/microchip/xc8/v2.31/avr/bin/../lib/gcc/avr/5.4.0/avr5/memx-const\libgcc.a(_copy_data.o)
                              MCAL/TIMER_program.o (__do_copy_data)
c:/program files/microchip/xc8/v2.31/avr/bin/../lib/gcc/avr/5.4.0/avr5/memx-const\libgcc.a(_umulhisi3.o)
                              HAL/ESC_program.o (__umulhisi3)
c:/program files/microchip/xc8/v2.31/avr/bin/../lib/gcc/avr/5.4.0/avr5/memx-const\libgcc.a(_muluhisi3.o)
                              HAL/ESC_program.o (__muluhisi3)
c:/program files/microchip/xc8/v2.31/avr/bin/../lib/gcc/avr/5.4.0/avr5/memx-const\libgcc.a(_muldi3.o)
                              HAL/ESC_program.o (__muldi3)
c:/program files/microchip/xc8/v2.31/avr/bin/../lib/gcc/avr/5.4.0/avr5/memx-const\libgcc.a(_muldi3_6.o)
                              c:/program files/microchip/xc8/v2.31/avr/bin/../lib/gcc/avr/5.4.0/avr5/memx-const\libgcc.a(_muldi3.o) (__muldi3_6)
c:/program files/microchip/xc8/v2.31/avr/bin/../lib/gcc/avr/5.4.0/avr5/memx-const\libgcc.a(_udivdi3.o)
                              HAL/ESC_program.o (__udivdi3)
c:/program files/microchip/xc8/v2.31/avr/bin/../lib/gcc/avr/5.4.0/avr5/memx-const\libgcc.a(_udivmod64.o)
                              c:/program files/microchip/xc8/v2.31/avr/bin/../lib/gcc/avr/5.4.0/avr5/memx-const\libgcc.a(_udivdi3.o) (__udivmod64)
c:/program files/microchip/xc8/v2.31/avr/bin/../lib/gcc/avr/5.4.0/avr5/memx-const\libgcc.a(_adddi3.o)
                              MCAL/TIMER_program.o (__adddi3)
c:/program files/microchip/xc8/v2.31/avr/bin/../lib/gcc/avr/5.4.0/avr5/memx-const\libgcc.a(_adddi3_s8.o)
                              MCAL/TIMER_program.o (__adddi3_s8)
c:/program files/microchip/xc8/v2.31/avr/bin/../lib/gcc/avr/5.4.0/avr5/memx-const\libgcc.a(_subdi3.o)
                              MCAL/TIMER_program.o (__subdi3)
c:/program files/microchip/xc8/v2.31/avr/bin/../lib/gcc/avr/5.4.0/avr5/memx-const\libgcc.a(_cmpdi2_s8.o)
                              MCAL/TIMER_program.o (__cmpdi2_s8)
c:/program files/microchip/xc8/v2.31/avr/bin/../lib/gcc/avr/5.4.0/../../../../avr/lib/avr5/memx-const\libc.a(malloc.o)
                              main.o (malloc)

Allocating common symbols
Common symbol       size              file

PTIM1FirstTCNT      0x4               MCAL/TIMER_program.o
PTIM1_callback_OVF  0x2               MCAL/TIMER_program.o
PTIM1Mode           0x1               MCAL/TIMER_program.o
PTIMICPDuties       0x2               MCAL/TIMER_program.o
PTIM0_callback_COMPA
                    0x2               MCAL/TIMER_program.o
__brkval            0x2               c:/program files/microchip/xc8/v2.31/avr/bin/../lib/gcc/avr/5.4.0/../../../../avr/lib/avr5/memx-const\libc.a(malloc.o)
PTIM0And1Prescaler  0x2               MCAL/TIMER_program.o
PTIM2_callback_OVF  0x2               MCAL/TIMER_program.o
MTIM1TOV1TCNT1      0x4               HAL/ESC_program.o
PTIM1_callback_CAPT
                    0x2               MCAL/TIMER_program.o
was_called          0x1               MCAL/I2C_program.o
PLCD_u8CursorIndex  0x1               HAL/LCD_program.o
PTIM0_callback_COMPB
                    0x2               MCAL/TIMER_program.o
PTIM1_callback_COMPA
                    0x2               MCAL/TIMER_program.o
PTIM0Mode           0x1               MCAL/TIMER_program.o
PTIM0And1OVFCount   0x2               MCAL/TIMER_program.o
MI2C_strRecived     0x2               MCAL/I2C_program.o
PTIM2_callback_COMPA
                    0x2               MCAL/TIMER_program.o
PTIM2_callback_COMPB
                    0x2               MCAL/TIMER_program.o
PTIM0_callback_OVF  0x2               MCAL/TIMER_program.o
PTIM1_callback_COMPB
                    0x2               MCAL/TIMER_program.o
__flp               0x2               c:/program files/microchip/xc8/v2.31/avr/bin/../lib/gcc/avr/5.4.0/../../../../avr/lib/avr5/memx-const\libc.a(malloc.o)
PTIM2Mode           0x1               MCAL/TIMER_program.o
PTIM2Prescaler      0x2               MCAL/TIMER_program.o

Discarded input sections

 .data          0x0000000000000000        0x0 C:/Program Files (x86)/Atmel/Studio/7.0/Packs/atmel/ATmega_DFP/1.6.364/xc8/avr/lib/avr5/memx-const/crtatmega328p.o
 .bss           0x0000000000000000        0x0 C:/Program Files (x86)/Atmel/Studio/7.0/Packs/atmel/ATmega_DFP/1.6.364/xc8/avr/lib/avr5/memx-const/crtatmega328p.o
 .text          0x0000000000000000        0x0 HAL/ESC_program.o
 .data          0x0000000000000000        0x0 HAL/ESC_program.o
 .bss           0x0000000000000000        0x0 HAL/ESC_program.o
 .text.HESC_voidChangeSpeed
                0x0000000000000000        0xa HAL/ESC_program.o
 .text          0x0000000000000000        0x0 HAL/LCD_program.o
 .data          0x0000000000000000        0x0 HAL/LCD_program.o
 .bss           0x0000000000000000        0x0 HAL/LCD_program.o
 .text.HLCD_voidLatch
                0x0000000000000000       0x28 HAL/LCD_program.o
 .text.HLCD_voidWriteBusAndLatch
                0x0000000000000000       0xcc HAL/LCD_program.o
 .text.HLCD_voidSendCMD
                0x0000000000000000       0x2e HAL/LCD_program.o
 .text.HLCD_voidSetCursorMode
                0x0000000000000000        0x6 HAL/LCD_program.o
 .text.HLCD_voidClearDisplay
                0x0000000000000000       0x18 HAL/LCD_program.o
 .text.HLCD_voidInit
                0x0000000000000000       0xca HAL/LCD_program.o
 .text.HLCD_voidSendData
                0x0000000000000000       0x50 HAL/LCD_program.o
 .text.HLCD_voidPrintString
                0x0000000000000000       0x32 HAL/LCD_program.o
 .debug_info    0x0000000000000000      0xa44 HAL/LCD_program.o
 .debug_abbrev  0x0000000000000000      0x14c HAL/LCD_program.o
 .debug_loc     0x0000000000000000      0x5e7 HAL/LCD_program.o
 .debug_aranges
                0x0000000000000000       0x58 HAL/LCD_program.o
 .debug_ranges  0x0000000000000000       0x60 HAL/LCD_program.o
 .debug_line    0x0000000000000000      0x31a HAL/LCD_program.o
 .debug_str     0x0000000000000000       0x47 HAL/LCD_program.o
 .comment       0x0000000000000000       0x30 HAL/LCD_program.o
 .debug_frame   0x0000000000000000      0x128 HAL/LCD_program.o
 COMMON         0x0000000000000000        0x1 HAL/LCD_program.o
 .text          0x0000000000000000        0x0 main.o
 .data          0x0000000000000000        0x0 main.o
 .bss           0x0000000000000000        0x0 main.o
 .text          0x0000000000000000        0x0 MCAL/I2C_program.o
 .data          0x0000000000000000        0x0 MCAL/I2C_program.o
 .bss           0x0000000000000000        0x0 MCAL/I2C_program.o
 .text.PI2C_voidMasterSetTWBRAndPrescaler
                0x0000000000000000      0x102 MCAL/I2C_program.o
 .text.MI2C_voidMasterInit
                0x0000000000000000       0x20 MCAL/I2C_program.o
 .text.MI2C_voidMasterStart
                0x0000000000000000       0x42 MCAL/I2C_program.o
 .text.MI2C_voidMasterRepeatedStart
                0x0000000000000000       0x44 MCAL/I2C_program.o
 .text.MI2C_voidMasterStop
                0x0000000000000000       0x22 MCAL/I2C_program.o
 .text.MI2C_voidMasterStartWait
                0x0000000000000000       0x50 MCAL/I2C_program.o
 .text.MI2C_voidMasterWriteData
                0x0000000000000000       0x1c MCAL/I2C_program.o
 .text.MI2C_voidMasterReadDataNACK
                0x0000000000000000       0x18 MCAL/I2C_program.o
 .text.MI2C_voidMasterReadDataACK
                0x0000000000000000       0x1e MCAL/I2C_program.o
 .text.MI2C_voidMasterSendString
                0x0000000000000000       0x2a MCAL/I2C_program.o
 .text.MI2C_voidSlaveWaitForCall
                0x0000000000000000       0x56 MCAL/I2C_program.o
 .text.MI2C_voidSlaveWriteData
                0x0000000000000000       0x22 MCAL/I2C_program.o
 .text          0x0000000000000000        0x0 MCAL/manipPin_program.o
 .data          0x0000000000000000        0x0 MCAL/manipPin_program.o
 .bss           0x0000000000000000        0x0 MCAL/manipPin_program.o
 .text.MANIPPIN_voidInitPin2
                0x0000000000000000       0x7e MCAL/manipPin_program.o
 .text.MANIPPIN_u8DigitalRead
                0x0000000000000000       0x3e MCAL/manipPin_program.o
 .text.MANIPPIN_u8DigitalRead2
                0x0000000000000000       0x5a MCAL/manipPin_program.o
 .text.MANIPPIN_voidSetPin
                0x0000000000000000       0xec MCAL/manipPin_program.o
 .text.MANIPPIN_voidSetPin2
                0x0000000000000000       0x9c MCAL/manipPin_program.o
 .text          0x0000000000000000        0x0 MCAL/TIMER_program.o
 .data          0x0000000000000000        0x0 MCAL/TIMER_program.o
 .bss           0x0000000000000000        0x0 MCAL/TIMER_program.o
 .text.MTIM0_u8GetCounter
                0x0000000000000000        0x4 MCAL/TIMER_program.o
 .text.MTIM0_voidSetCounter
                0x0000000000000000        0x4 MCAL/TIMER_program.o
 .text.MTIM0_voidSetFrequency
                0x0000000000000000       0x4a MCAL/TIMER_program.o
 .text.MTIM0_voidDelayTicks
                0x0000000000000000       0x74 MCAL/TIMER_program.o
 .text.MTIM0_voidEnableInterrupt
                0x0000000000000000       0x20 MCAL/TIMER_program.o
 .text.MTIM0_voidDisableInterrupt
                0x0000000000000000       0x1c MCAL/TIMER_program.o
 .text.MTIM0_voidSetCallBack
                0x0000000000000000       0x2a MCAL/TIMER_program.o
 .text.MTIM1_u16GetCounter
                0x0000000000000000        0xa MCAL/TIMER_program.o
 .text.MTIM1_voidSetCounter
                0x0000000000000000        0xa MCAL/TIMER_program.o
 .text.MTIM1_voidSetDutyCycle
                0x0000000000000000       0x1c MCAL/TIMER_program.o
 .text.MTIM1_voidSetFrequency
                0x0000000000000000       0x76 MCAL/TIMER_program.o
 .text.MTIM1_voidDelay_ticks
                0x0000000000000000       0x8c MCAL/TIMER_program.o
 .text.MTIM1_voidSet_Capture_Edge
                0x0000000000000000       0x1c MCAL/TIMER_program.o
 .text.MTIM1_voidSet_Noise_Canceller
                0x0000000000000000       0x1c MCAL/TIMER_program.o
 .text.MTIM1_voidDisableInterrupt
                0x0000000000000000       0x1c MCAL/TIMER_program.o
 .text.MTIM1_voidSetCallBack
                0x0000000000000000       0x34 MCAL/TIMER_program.o
 .text.MTIM1_u32ArrGetPulseDurationsuS
                0x0000000000000000      0x418 MCAL/TIMER_program.o
 .text.MTIM1_f32GetSignalFrequency
                0x0000000000000000        0xa MCAL/TIMER_program.o
 .text.MTIM1_u16GetDivision
                0x0000000000000000        0xa MCAL/TIMER_program.o
 .text.MTIM2_u8GetCounter
                0x0000000000000000        0x6 MCAL/TIMER_program.o
 .text.MTIM2_voidSetCounter
                0x0000000000000000        0x6 MCAL/TIMER_program.o
 .text.MTIM2_voidSetFrequency
                0x0000000000000000       0x4c MCAL/TIMER_program.o
 .text.MTIM2_voidDelayTicks
                0x0000000000000000       0x7a MCAL/TIMER_program.o
 .text.MTIM2_voidEnableInterrupt
                0x0000000000000000       0x20 MCAL/TIMER_program.o
 .text.MTIM2_voidDisableInterrupt
                0x0000000000000000       0x1c MCAL/TIMER_program.o
 .text.MTIM2_voidSetCallBack
                0x0000000000000000       0x2a MCAL/TIMER_program.o
 .text          0x0000000000000000        0x0 REF/CLOCK_program.o
 .data          0x0000000000000000        0x0 REF/CLOCK_program.o
 .bss           0x0000000000000000        0x0 REF/CLOCK_program.o
 .text          0x0000000000000000        0x0 REF/MATH.o
 .data          0x0000000000000000        0x0 REF/MATH.o
 .bss           0x0000000000000000        0x0 REF/MATH.o
 .text.MATH_u16Abs
                0x0000000000000000        0xc REF/MATH.o
 .text.MATH_u16GetNearestIndex
                0x0000000000000000       0x66 REF/MATH.o
 .text.MATH_u16GetFirstSmallerIndex
                0x0000000000000000       0x10 REF/MATH.o
 .text          0x0000000000000000        0x0 REF/PID.o
 .data          0x0000000000000000        0x0 REF/PID.o
 .bss           0x0000000000000000        0x0 REF/PID.o
 .text          0x0000000000000000        0x0 c:/program files/microchip/xc8/v2.31/avr/bin/../lib/gcc/avr/5.4.0/../../../../avr/lib/avr5/memx-const\libm.a(addsf3.o)
 .data          0x0000000000000000        0x0 c:/program files/microchip/xc8/v2.31/avr/bin/../lib/gcc/avr/5.4.0/../../../../avr/lib/avr5/memx-const\libm.a(addsf3.o)
 .bss           0x0000000000000000        0x0 c:/program files/microchip/xc8/v2.31/avr/bin/../lib/gcc/avr/5.4.0/../../../../avr/lib/avr5/memx-const\libm.a(addsf3.o)
 .text          0x0000000000000000        0x0 c:/program files/microchip/xc8/v2.31/avr/bin/../lib/gcc/avr/5.4.0/../../../../avr/lib/avr5/memx-const\libm.a(addsf3x.o)
 .data          0x0000000000000000        0x0 c:/program files/microchip/xc8/v2.31/avr/bin/../lib/gcc/avr/5.4.0/../../../../avr/lib/avr5/memx-const\libm.a(addsf3x.o)
 .bss           0x0000000000000000        0x0 c:/program files/microchip/xc8/v2.31/avr/bin/../lib/gcc/avr/5.4.0/../../../../avr/lib/avr5/memx-const\libm.a(addsf3x.o)
 .text          0x0000000000000000        0x0 c:/program files/microchip/xc8/v2.31/avr/bin/../lib/gcc/avr/5.4.0/../../../../avr/lib/avr5/memx-const\libm.a(cmpsf2.o)
 .data          0x0000000000000000        0x0 c:/program files/microchip/xc8/v2.31/avr/bin/../lib/gcc/avr/5.4.0/../../../../avr/lib/avr5/memx-const\libm.a(cmpsf2.o)
 .bss           0x0000000000000000        0x0 c:/program files/microchip/xc8/v2.31/avr/bin/../lib/gcc/avr/5.4.0/../../../../avr/lib/avr5/memx-const\libm.a(cmpsf2.o)
 .text          0x0000000000000000        0x0 c:/program files/microchip/xc8/v2.31/avr/bin/../lib/gcc/avr/5.4.0/../../../../avr/lib/avr5/memx-const\libm.a(divsf3.o)
 .data          0x0000000000000000        0x0 c:/program files/microchip/xc8/v2.31/avr/bin/../lib/gcc/avr/5.4.0/../../../../avr/lib/avr5/memx-const\libm.a(divsf3.o)
 .bss           0x0000000000000000        0x0 c:/program files/microchip/xc8/v2.31/avr/bin/../lib/gcc/avr/5.4.0/../../../../avr/lib/avr5/memx-const\libm.a(divsf3.o)
 .text          0x0000000000000000        0x0 c:/program files/microchip/xc8/v2.31/avr/bin/../lib/gcc/avr/5.4.0/../../../../avr/lib/avr5/memx-const\libm.a(divsf3x.o)
 .data          0x0000000000000000        0x0 c:/program files/microchip/xc8/v2.31/avr/bin/../lib/gcc/avr/5.4.0/../../../../avr/lib/avr5/memx-const\libm.a(divsf3x.o)
 .bss           0x0000000000000000        0x0 c:/program files/microchip/xc8/v2.31/avr/bin/../lib/gcc/avr/5.4.0/../../../../avr/lib/avr5/memx-const\libm.a(divsf3x.o)
 .text          0x0000000000000000        0x0 c:/program files/microchip/xc8/v2.31/avr/bin/../lib/gcc/avr/5.4.0/../../../../avr/lib/avr5/memx-const\libm.a(fixunssfsi.o)
 .data          0x0000000000000000        0x0 c:/program files/microchip/xc8/v2.31/avr/bin/../lib/gcc/avr/5.4.0/../../../../avr/lib/avr5/memx-const\libm.a(fixunssfsi.o)
 .bss           0x0000000000000000        0x0 c:/program files/microchip/xc8/v2.31/avr/bin/../lib/gcc/avr/5.4.0/../../../../avr/lib/avr5/memx-const\libm.a(fixunssfsi.o)
 .text          0x0000000000000000        0x0 c:/program files/microchip/xc8/v2.31/avr/bin/../lib/gcc/avr/5.4.0/../../../../avr/lib/avr5/memx-const\libm.a(floatsisf.o)
 .data          0x0000000000000000        0x0 c:/program files/microchip/xc8/v2.31/avr/bin/../lib/gcc/avr/5.4.0/../../../../avr/lib/avr5/memx-const\libm.a(floatsisf.o)
 .bss           0x0000000000000000        0x0 c:/program files/microchip/xc8/v2.31/avr/bin/../lib/gcc/avr/5.4.0/../../../../avr/lib/avr5/memx-const\libm.a(floatsisf.o)
 .text          0x0000000000000000        0x0 c:/program files/microchip/xc8/v2.31/avr/bin/../lib/gcc/avr/5.4.0/../../../../avr/lib/avr5/memx-const\libm.a(fp_cmp.o)
 .data          0x0000000000000000        0x0 c:/program files/microchip/xc8/v2.31/avr/bin/../lib/gcc/avr/5.4.0/../../../../avr/lib/avr5/memx-const\libm.a(fp_cmp.o)
 .bss           0x0000000000000000        0x0 c:/program files/microchip/xc8/v2.31/avr/bin/../lib/gcc/avr/5.4.0/../../../../avr/lib/avr5/memx-const\libm.a(fp_cmp.o)
 .text          0x0000000000000000        0x0 c:/program files/microchip/xc8/v2.31/avr/bin/../lib/gcc/avr/5.4.0/../../../../avr/lib/avr5/memx-const\libm.a(fp_inf.o)
 .data          0x0000000000000000        0x0 c:/program files/microchip/xc8/v2.31/avr/bin/../lib/gcc/avr/5.4.0/../../../../avr/lib/avr5/memx-const\libm.a(fp_inf.o)
 .bss           0x0000000000000000        0x0 c:/program files/microchip/xc8/v2.31/avr/bin/../lib/gcc/avr/5.4.0/../../../../avr/lib/avr5/memx-const\libm.a(fp_inf.o)
 .text          0x0000000000000000        0x0 c:/program files/microchip/xc8/v2.31/avr/bin/../lib/gcc/avr/5.4.0/../../../../avr/lib/avr5/memx-const\libm.a(fp_nan.o)
 .data          0x0000000000000000        0x0 c:/program files/microchip/xc8/v2.31/avr/bin/../lib/gcc/avr/5.4.0/../../../../avr/lib/avr5/memx-const\libm.a(fp_nan.o)
 .bss           0x0000000000000000        0x0 c:/program files/microchip/xc8/v2.31/avr/bin/../lib/gcc/avr/5.4.0/../../../../avr/lib/avr5/memx-const\libm.a(fp_nan.o)
 .text          0x0000000000000000        0x0 c:/program files/microchip/xc8/v2.31/avr/bin/../lib/gcc/avr/5.4.0/../../../../avr/lib/avr5/memx-const\libm.a(fp_pscA.o)
 .data          0x0000000000000000        0x0 c:/program files/microchip/xc8/v2.31/avr/bin/../lib/gcc/avr/5.4.0/../../../../avr/lib/avr5/memx-const\libm.a(fp_pscA.o)
 .bss           0x0000000000000000        0x0 c:/program files/microchip/xc8/v2.31/avr/bin/../lib/gcc/avr/5.4.0/../../../../avr/lib/avr5/memx-const\libm.a(fp_pscA.o)
 .text          0x0000000000000000        0x0 c:/program files/microchip/xc8/v2.31/avr/bin/../lib/gcc/avr/5.4.0/../../../../avr/lib/avr5/memx-const\libm.a(fp_pscB.o)
 .data          0x0000000000000000        0x0 c:/program files/microchip/xc8/v2.31/avr/bin/../lib/gcc/avr/5.4.0/../../../../avr/lib/avr5/memx-const\libm.a(fp_pscB.o)
 .bss           0x0000000000000000        0x0 c:/program files/microchip/xc8/v2.31/avr/bin/../lib/gcc/avr/5.4.0/../../../../avr/lib/avr5/memx-const\libm.a(fp_pscB.o)
 .text          0x0000000000000000        0x0 c:/program files/microchip/xc8/v2.31/avr/bin/../lib/gcc/avr/5.4.0/../../../../avr/lib/avr5/memx-const\libm.a(fp_round.o)
 .data          0x0000000000000000        0x0 c:/program files/microchip/xc8/v2.31/avr/bin/../lib/gcc/avr/5.4.0/../../../../avr/lib/avr5/memx-const\libm.a(fp_round.o)
 .bss           0x0000000000000000        0x0 c:/program files/microchip/xc8/v2.31/avr/bin/../lib/gcc/avr/5.4.0/../../../../avr/lib/avr5/memx-const\libm.a(fp_round.o)
 .text          0x0000000000000000        0x0 c:/program files/microchip/xc8/v2.31/avr/bin/../lib/gcc/avr/5.4.0/../../../../avr/lib/avr5/memx-const\libm.a(fp_split3.o)
 .data          0x0000000000000000        0x0 c:/program files/microchip/xc8/v2.31/avr/bin/../lib/gcc/avr/5.4.0/../../../../avr/lib/avr5/memx-const\libm.a(fp_split3.o)
 .bss           0x0000000000000000        0x0 c:/program files/microchip/xc8/v2.31/avr/bin/../lib/gcc/avr/5.4.0/../../../../avr/lib/avr5/memx-const\libm.a(fp_split3.o)
 .text          0x0000000000000000        0x0 c:/program files/microchip/xc8/v2.31/avr/bin/../lib/gcc/avr/5.4.0/../../../../avr/lib/avr5/memx-const\libm.a(fp_zero.o)
 .data          0x0000000000000000        0x0 c:/program files/microchip/xc8/v2.31/avr/bin/../lib/gcc/avr/5.4.0/../../../../avr/lib/avr5/memx-const\libm.a(fp_zero.o)
 .bss           0x0000000000000000        0x0 c:/program files/microchip/xc8/v2.31/avr/bin/../lib/gcc/avr/5.4.0/../../../../avr/lib/avr5/memx-const\libm.a(fp_zero.o)
 .text          0x0000000000000000        0x0 c:/program files/microchip/xc8/v2.31/avr/bin/../lib/gcc/avr/5.4.0/../../../../avr/lib/avr5/memx-const\libm.a(gesf2.o)
 .data          0x0000000000000000        0x0 c:/program files/microchip/xc8/v2.31/avr/bin/../lib/gcc/avr/5.4.0/../../../../avr/lib/avr5/memx-const\libm.a(gesf2.o)
 .bss           0x0000000000000000        0x0 c:/program files/microchip/xc8/v2.31/avr/bin/../lib/gcc/avr/5.4.0/../../../../avr/lib/avr5/memx-const\libm.a(gesf2.o)
 .text          0x0000000000000000        0x0 c:/program files/microchip/xc8/v2.31/avr/bin/../lib/gcc/avr/5.4.0/../../../../avr/lib/avr5/memx-const\libm.a(mulsf3.o)
 .data          0x0000000000000000        0x0 c:/program files/microchip/xc8/v2.31/avr/bin/../lib/gcc/avr/5.4.0/../../../../avr/lib/avr5/memx-const\libm.a(mulsf3.o)
 .bss           0x0000000000000000        0x0 c:/program files/microchip/xc8/v2.31/avr/bin/../lib/gcc/avr/5.4.0/../../../../avr/lib/avr5/memx-const\libm.a(mulsf3.o)
 .text          0x0000000000000000        0x0 c:/program files/microchip/xc8/v2.31/avr/bin/../lib/gcc/avr/5.4.0/../../../../avr/lib/avr5/memx-const\libm.a(mulsf3x.o)
 .data          0x0000000000000000        0x0 c:/program files/microchip/xc8/v2.31/avr/bin/../lib/gcc/avr/5.4.0/../../../../avr/lib/avr5/memx-const\libm.a(mulsf3x.o)
 .bss           0x0000000000000000        0x0 c:/program files/microchip/xc8/v2.31/avr/bin/../lib/gcc/avr/5.4.0/../../../../avr/lib/avr5/memx-const\libm.a(mulsf3x.o)
 .text          0x0000000000000000        0x0 c:/program files/microchip/xc8/v2.31/avr/bin/../lib/gcc/avr/5.4.0/avr5/memx-const\libgcc.a(_udivmodhi4.o)
 .data          0x0000000000000000        0x0 c:/program files/microchip/xc8/v2.31/avr/bin/../lib/gcc/avr/5.4.0/avr5/memx-const\libgcc.a(_udivmodhi4.o)
 .bss           0x0000000000000000        0x0 c:/program files/microchip/xc8/v2.31/avr/bin/../lib/gcc/avr/5.4.0/avr5/memx-const\libgcc.a(_udivmodhi4.o)
 .text.libgcc.mul
                0x0000000000000000        0x0 c:/program files/microchip/xc8/v2.31/avr/bin/../lib/gcc/avr/5.4.0/avr5/memx-const\libgcc.a(_udivmodhi4.o)
 .text.libgcc.div
                0x0000000000000000       0x28 c:/program files/microchip/xc8/v2.31/avr/bin/../lib/gcc/avr/5.4.0/avr5/memx-const\libgcc.a(_udivmodhi4.o)
 .text.libgcc   0x0000000000000000        0x0 c:/program files/microchip/xc8/v2.31/avr/bin/../lib/gcc/avr/5.4.0/avr5/memx-const\libgcc.a(_udivmodhi4.o)
 .text.libgcc.prologue
                0x0000000000000000        0x0 c:/program files/microchip/xc8/v2.31/avr/bin/../lib/gcc/avr/5.4.0/avr5/memx-const\libgcc.a(_udivmodhi4.o)
 .text.libgcc.builtins
                0x0000000000000000        0x0 c:/program files/microchip/xc8/v2.31/avr/bin/../lib/gcc/avr/5.4.0/avr5/memx-const\libgcc.a(_udivmodhi4.o)
 .text.libgcc.fmul
                0x0000000000000000        0x0 c:/program files/microchip/xc8/v2.31/avr/bin/../lib/gcc/avr/5.4.0/avr5/memx-const\libgcc.a(_udivmodhi4.o)
 .text.libgcc.fixed
                0x0000000000000000        0x0 c:/program files/microchip/xc8/v2.31/avr/bin/../lib/gcc/avr/5.4.0/avr5/memx-const\libgcc.a(_udivmodhi4.o)
 .text          0x0000000000000000        0x0 c:/program files/microchip/xc8/v2.31/avr/bin/../lib/gcc/avr/5.4.0/avr5/memx-const\libgcc.a(_udivmodsi4.o)
 .data          0x0000000000000000        0x0 c:/program files/microchip/xc8/v2.31/avr/bin/../lib/gcc/avr/5.4.0/avr5/memx-const\libgcc.a(_udivmodsi4.o)
 .bss           0x0000000000000000        0x0 c:/program files/microchip/xc8/v2.31/avr/bin/../lib/gcc/avr/5.4.0/avr5/memx-const\libgcc.a(_udivmodsi4.o)
 .text.libgcc.mul
                0x0000000000000000        0x0 c:/program files/microchip/xc8/v2.31/avr/bin/../lib/gcc/avr/5.4.0/avr5/memx-const\libgcc.a(_udivmodsi4.o)
 .text.libgcc   0x0000000000000000        0x0 c:/program files/microchip/xc8/v2.31/avr/bin/../lib/gcc/avr/5.4.0/avr5/memx-const\libgcc.a(_udivmodsi4.o)
 .text.libgcc.prologue
                0x0000000000000000        0x0 c:/program files/microchip/xc8/v2.31/avr/bin/../lib/gcc/avr/5.4.0/avr5/memx-const\libgcc.a(_udivmodsi4.o)
 .text.libgcc.builtins
                0x0000000000000000        0x0 c:/program files/microchip/xc8/v2.31/avr/bin/../lib/gcc/avr/5.4.0/avr5/memx-const\libgcc.a(_udivmodsi4.o)
 .text.libgcc.fmul
                0x0000000000000000        0x0 c:/program files/microchip/xc8/v2.31/avr/bin/../lib/gcc/avr/5.4.0/avr5/memx-const\libgcc.a(_udivmodsi4.o)
 .text.libgcc.fixed
                0x0000000000000000        0x0 c:/program files/microchip/xc8/v2.31/avr/bin/../lib/gcc/avr/5.4.0/avr5/memx-const\libgcc.a(_udivmodsi4.o)
 .text          0x0000000000000000        0x0 c:/program files/microchip/xc8/v2.31/avr/bin/../lib/gcc/avr/5.4.0/avr5/memx-const\libgcc.a(_exit.o)
 .data          0x0000000000000000        0x0 c:/program files/microchip/xc8/v2.31/avr/bin/../lib/gcc/avr/5.4.0/avr5/memx-const\libgcc.a(_exit.o)
 .bss           0x0000000000000000        0x0 c:/program files/microchip/xc8/v2.31/avr/bin/../lib/gcc/avr/5.4.0/avr5/memx-const\libgcc.a(_exit.o)
 .text.libgcc.mul
                0x0000000000000000        0x0 c:/program files/microchip/xc8/v2.31/avr/bin/../lib/gcc/avr/5.4.0/avr5/memx-const\libgcc.a(_exit.o)
 .text.libgcc.div
                0x0000000000000000        0x0 c:/program files/microchip/xc8/v2.31/avr/bin/../lib/gcc/avr/5.4.0/avr5/memx-const\libgcc.a(_exit.o)
 .text.libgcc   0x0000000000000000        0x0 c:/program files/microchip/xc8/v2.31/avr/bin/../lib/gcc/avr/5.4.0/avr5/memx-const\libgcc.a(_exit.o)
 .text.libgcc.prologue
                0x0000000000000000        0x0 c:/program files/microchip/xc8/v2.31/avr/bin/../lib/gcc/avr/5.4.0/avr5/memx-const\libgcc.a(_exit.o)
 .text.libgcc.builtins
                0x0000000000000000        0x0 c:/program files/microchip/xc8/v2.31/avr/bin/../lib/gcc/avr/5.4.0/avr5/memx-const\libgcc.a(_exit.o)
 .text.libgcc.fmul
                0x0000000000000000        0x0 c:/program files/microchip/xc8/v2.31/avr/bin/../lib/gcc/avr/5.4.0/avr5/memx-const\libgcc.a(_exit.o)
 .text.libgcc.fixed
                0x0000000000000000        0x0 c:/program files/microchip/xc8/v2.31/avr/bin/../lib/gcc/avr/5.4.0/avr5/memx-const\libgcc.a(_exit.o)
 .text          0x0000000000000000        0x0 c:/program files/microchip/xc8/v2.31/avr/bin/../lib/gcc/avr/5.4.0/avr5/memx-const\libgcc.a(_copy_data.o)
 .data          0x0000000000000000        0x0 c:/program files/microchip/xc8/v2.31/avr/bin/../lib/gcc/avr/5.4.0/avr5/memx-const\libgcc.a(_copy_data.o)
 .bss           0x0000000000000000        0x0 c:/program files/microchip/xc8/v2.31/avr/bin/../lib/gcc/avr/5.4.0/avr5/memx-const\libgcc.a(_copy_data.o)
 .text.libgcc.mul
                0x0000000000000000        0x0 c:/program files/microchip/xc8/v2.31/avr/bin/../lib/gcc/avr/5.4.0/avr5/memx-const\libgcc.a(_copy_data.o)
 .text.libgcc.div
                0x0000000000000000        0x0 c:/program files/microchip/xc8/v2.31/avr/bin/../lib/gcc/avr/5.4.0/avr5/memx-const\libgcc.a(_copy_data.o)
 .text.libgcc   0x0000000000000000        0x0 c:/program files/microchip/xc8/v2.31/avr/bin/../lib/gcc/avr/5.4.0/avr5/memx-const\libgcc.a(_copy_data.o)
 .text.libgcc.prologue
                0x0000000000000000        0x0 c:/program files/microchip/xc8/v2.31/avr/bin/../lib/gcc/avr/5.4.0/avr5/memx-const\libgcc.a(_copy_data.o)
 .text.libgcc.builtins
                0x0000000000000000        0x0 c:/program files/microchip/xc8/v2.31/avr/bin/../lib/gcc/avr/5.4.0/avr5/memx-const\libgcc.a(_copy_data.o)
 .text.libgcc.fmul
                0x0000000000000000        0x0 c:/program files/microchip/xc8/v2.31/avr/bin/../lib/gcc/avr/5.4.0/avr5/memx-const\libgcc.a(_copy_data.o)
 .text.libgcc.fixed
                0x0000000000000000        0x0 c:/program files/microchip/xc8/v2.31/avr/bin/../lib/gcc/avr/5.4.0/avr5/memx-const\libgcc.a(_copy_data.o)
 .text          0x0000000000000000        0x0 c:/program files/microchip/xc8/v2.31/avr/bin/../lib/gcc/avr/5.4.0/avr5/memx-const\libgcc.a(_umulhisi3.o)
 .data          0x0000000000000000        0x0 c:/program files/microchip/xc8/v2.31/avr/bin/../lib/gcc/avr/5.4.0/avr5/memx-const\libgcc.a(_umulhisi3.o)
 .bss           0x0000000000000000        0x0 c:/program files/microchip/xc8/v2.31/avr/bin/../lib/gcc/avr/5.4.0/avr5/memx-const\libgcc.a(_umulhisi3.o)
 .text.libgcc.div
                0x0000000000000000        0x0 c:/program files/microchip/xc8/v2.31/avr/bin/../lib/gcc/avr/5.4.0/avr5/memx-const\libgcc.a(_umulhisi3.o)
 .text.libgcc   0x0000000000000000        0x0 c:/program files/microchip/xc8/v2.31/avr/bin/../lib/gcc/avr/5.4.0/avr5/memx-const\libgcc.a(_umulhisi3.o)
 .text.libgcc.prologue
                0x0000000000000000        0x0 c:/program files/microchip/xc8/v2.31/avr/bin/../lib/gcc/avr/5.4.0/avr5/memx-const\libgcc.a(_umulhisi3.o)
 .text.libgcc.builtins
                0x0000000000000000        0x0 c:/program files/microchip/xc8/v2.31/avr/bin/../lib/gcc/avr/5.4.0/avr5/memx-const\libgcc.a(_umulhisi3.o)
 .text.libgcc.fmul
                0x0000000000000000        0x0 c:/program files/microchip/xc8/v2.31/avr/bin/../lib/gcc/avr/5.4.0/avr5/memx-const\libgcc.a(_umulhisi3.o)
 .text.libgcc.fixed
                0x0000000000000000        0x0 c:/program files/microchip/xc8/v2.31/avr/bin/../lib/gcc/avr/5.4.0/avr5/memx-const\libgcc.a(_umulhisi3.o)
 .text          0x0000000000000000        0x0 c:/program files/microchip/xc8/v2.31/avr/bin/../lib/gcc/avr/5.4.0/avr5/memx-const\libgcc.a(_muluhisi3.o)
 .data          0x0000000000000000        0x0 c:/program files/microchip/xc8/v2.31/avr/bin/../lib/gcc/avr/5.4.0/avr5/memx-const\libgcc.a(_muluhisi3.o)
 .bss           0x0000000000000000        0x0 c:/program files/microchip/xc8/v2.31/avr/bin/../lib/gcc/avr/5.4.0/avr5/memx-const\libgcc.a(_muluhisi3.o)
 .text.libgcc.div
                0x0000000000000000        0x0 c:/program files/microchip/xc8/v2.31/avr/bin/../lib/gcc/avr/5.4.0/avr5/memx-const\libgcc.a(_muluhisi3.o)
 .text.libgcc   0x0000000000000000        0x0 c:/program files/microchip/xc8/v2.31/avr/bin/../lib/gcc/avr/5.4.0/avr5/memx-const\libgcc.a(_muluhisi3.o)
 .text.libgcc.prologue
                0x0000000000000000        0x0 c:/program files/microchip/xc8/v2.31/avr/bin/../lib/gcc/avr/5.4.0/avr5/memx-const\libgcc.a(_muluhisi3.o)
 .text.libgcc.builtins
                0x0000000000000000        0x0 c:/program files/microchip/xc8/v2.31/avr/bin/../lib/gcc/avr/5.4.0/avr5/memx-const\libgcc.a(_muluhisi3.o)
 .text.libgcc.fmul
                0x0000000000000000        0x0 c:/program files/microchip/xc8/v2.31/avr/bin/../lib/gcc/avr/5.4.0/avr5/memx-const\libgcc.a(_muluhisi3.o)
 .text.libgcc.fixed
                0x0000000000000000        0x0 c:/program files/microchip/xc8/v2.31/avr/bin/../lib/gcc/avr/5.4.0/avr5/memx-const\libgcc.a(_muluhisi3.o)
 .text          0x0000000000000000        0x0 c:/program files/microchip/xc8/v2.31/avr/bin/../lib/gcc/avr/5.4.0/avr5/memx-const\libgcc.a(_muldi3.o)
 .data          0x0000000000000000        0x0 c:/program files/microchip/xc8/v2.31/avr/bin/../lib/gcc/avr/5.4.0/avr5/memx-const\libgcc.a(_muldi3.o)
 .bss           0x0000000000000000        0x0 c:/program files/microchip/xc8/v2.31/avr/bin/../lib/gcc/avr/5.4.0/avr5/memx-const\libgcc.a(_muldi3.o)
 .text.libgcc.div
                0x0000000000000000        0x0 c:/program files/microchip/xc8/v2.31/avr/bin/../lib/gcc/avr/5.4.0/avr5/memx-const\libgcc.a(_muldi3.o)
 .text.libgcc   0x0000000000000000        0x0 c:/program files/microchip/xc8/v2.31/avr/bin/../lib/gcc/avr/5.4.0/avr5/memx-const\libgcc.a(_muldi3.o)
 .text.libgcc.prologue
                0x0000000000000000        0x0 c:/program files/microchip/xc8/v2.31/avr/bin/../lib/gcc/avr/5.4.0/avr5/memx-const\libgcc.a(_muldi3.o)
 .text.libgcc.builtins
                0x0000000000000000        0x0 c:/program files/microchip/xc8/v2.31/avr/bin/../lib/gcc/avr/5.4.0/avr5/memx-const\libgcc.a(_muldi3.o)
 .text.libgcc.fmul
                0x0000000000000000        0x0 c:/program files/microchip/xc8/v2.31/avr/bin/../lib/gcc/avr/5.4.0/avr5/memx-const\libgcc.a(_muldi3.o)
 .text.libgcc.fixed
                0x0000000000000000        0x0 c:/program files/microchip/xc8/v2.31/avr/bin/../lib/gcc/avr/5.4.0/avr5/memx-const\libgcc.a(_muldi3.o)
 .text          0x0000000000000000        0x0 c:/program files/microchip/xc8/v2.31/avr/bin/../lib/gcc/avr/5.4.0/avr5/memx-const\libgcc.a(_muldi3_6.o)
 .data          0x0000000000000000        0x0 c:/program files/microchip/xc8/v2.31/avr/bin/../lib/gcc/avr/5.4.0/avr5/memx-const\libgcc.a(_muldi3_6.o)
 .bss           0x0000000000000000        0x0 c:/program files/microchip/xc8/v2.31/avr/bin/../lib/gcc/avr/5.4.0/avr5/memx-const\libgcc.a(_muldi3_6.o)
 .text.libgcc.div
                0x0000000000000000        0x0 c:/program files/microchip/xc8/v2.31/avr/bin/../lib/gcc/avr/5.4.0/avr5/memx-const\libgcc.a(_muldi3_6.o)
 .text.libgcc   0x0000000000000000        0x0 c:/program files/microchip/xc8/v2.31/avr/bin/../lib/gcc/avr/5.4.0/avr5/memx-const\libgcc.a(_muldi3_6.o)
 .text.libgcc.prologue
                0x0000000000000000        0x0 c:/program files/microchip/xc8/v2.31/avr/bin/../lib/gcc/avr/5.4.0/avr5/memx-const\libgcc.a(_muldi3_6.o)
 .text.libgcc.builtins
                0x0000000000000000        0x0 c:/program files/microchip/xc8/v2.31/avr/bin/../lib/gcc/avr/5.4.0/avr5/memx-const\libgcc.a(_muldi3_6.o)
 .text.libgcc.fmul
                0x0000000000000000        0x0 c:/program files/microchip/xc8/v2.31/avr/bin/../lib/gcc/avr/5.4.0/avr5/memx-const\libgcc.a(_muldi3_6.o)
 .text.libgcc.fixed
                0x0000000000000000        0x0 c:/program files/microchip/xc8/v2.31/avr/bin/../lib/gcc/avr/5.4.0/avr5/memx-const\libgcc.a(_muldi3_6.o)
 .text          0x0000000000000000        0x0 c:/program files/microchip/xc8/v2.31/avr/bin/../lib/gcc/avr/5.4.0/avr5/memx-const\libgcc.a(_udivdi3.o)
 .data          0x0000000000000000        0x0 c:/program files/microchip/xc8/v2.31/avr/bin/../lib/gcc/avr/5.4.0/avr5/memx-const\libgcc.a(_udivdi3.o)
 .bss           0x0000000000000000        0x0 c:/program files/microchip/xc8/v2.31/avr/bin/../lib/gcc/avr/5.4.0/avr5/memx-const\libgcc.a(_udivdi3.o)
 .text.libgcc.mul
                0x0000000000000000        0x0 c:/program files/microchip/xc8/v2.31/avr/bin/../lib/gcc/avr/5.4.0/avr5/memx-const\libgcc.a(_udivdi3.o)
 .text.libgcc   0x0000000000000000        0x0 c:/program files/microchip/xc8/v2.31/avr/bin/../lib/gcc/avr/5.4.0/avr5/memx-const\libgcc.a(_udivdi3.o)
 .text.libgcc.prologue
                0x0000000000000000        0x0 c:/program files/microchip/xc8/v2.31/avr/bin/../lib/gcc/avr/5.4.0/avr5/memx-const\libgcc.a(_udivdi3.o)
 .text.libgcc.builtins
                0x0000000000000000        0x0 c:/program files/microchip/xc8/v2.31/avr/bin/../lib/gcc/avr/5.4.0/avr5/memx-const\libgcc.a(_udivdi3.o)
 .text.libgcc.fmul
                0x0000000000000000        0x0 c:/program files/microchip/xc8/v2.31/avr/bin/../lib/gcc/avr/5.4.0/avr5/memx-const\libgcc.a(_udivdi3.o)
 .text.libgcc.fixed
                0x0000000000000000        0x0 c:/program files/microchip/xc8/v2.31/avr/bin/../lib/gcc/avr/5.4.0/avr5/memx-const\libgcc.a(_udivdi3.o)
 .text          0x0000000000000000        0x0 c:/program files/microchip/xc8/v2.31/avr/bin/../lib/gcc/avr/5.4.0/avr5/memx-const\libgcc.a(_udivmod64.o)
 .data          0x0000000000000000        0x0 c:/program files/microchip/xc8/v2.31/avr/bin/../lib/gcc/avr/5.4.0/avr5/memx-const\libgcc.a(_udivmod64.o)
 .bss           0x0000000000000000        0x0 c:/program files/microchip/xc8/v2.31/avr/bin/../lib/gcc/avr/5.4.0/avr5/memx-const\libgcc.a(_udivmod64.o)
 .text.libgcc.mul
                0x0000000000000000        0x0 c:/program files/microchip/xc8/v2.31/avr/bin/../lib/gcc/avr/5.4.0/avr5/memx-const\libgcc.a(_udivmod64.o)
 .text.libgcc   0x0000000000000000        0x0 c:/program files/microchip/xc8/v2.31/avr/bin/../lib/gcc/avr/5.4.0/avr5/memx-const\libgcc.a(_udivmod64.o)
 .text.libgcc.prologue
                0x0000000000000000        0x0 c:/program files/microchip/xc8/v2.31/avr/bin/../lib/gcc/avr/5.4.0/avr5/memx-const\libgcc.a(_udivmod64.o)
 .text.libgcc.builtins
                0x0000000000000000        0x0 c:/program files/microchip/xc8/v2.31/avr/bin/../lib/gcc/avr/5.4.0/avr5/memx-const\libgcc.a(_udivmod64.o)
 .text.libgcc.fmul
                0x0000000000000000        0x0 c:/program files/microchip/xc8/v2.31/avr/bin/../lib/gcc/avr/5.4.0/avr5/memx-const\libgcc.a(_udivmod64.o)
 .text.libgcc.fixed
                0x0000000000000000        0x0 c:/program files/microchip/xc8/v2.31/avr/bin/../lib/gcc/avr/5.4.0/avr5/memx-const\libgcc.a(_udivmod64.o)
 .text          0x0000000000000000        0x0 c:/program files/microchip/xc8/v2.31/avr/bin/../lib/gcc/avr/5.4.0/avr5/memx-const\libgcc.a(_adddi3.o)
 .data          0x0000000000000000        0x0 c:/program files/microchip/xc8/v2.31/avr/bin/../lib/gcc/avr/5.4.0/avr5/memx-const\libgcc.a(_adddi3.o)
 .bss           0x0000000000000000        0x0 c:/program files/microchip/xc8/v2.31/avr/bin/../lib/gcc/avr/5.4.0/avr5/memx-const\libgcc.a(_adddi3.o)
 .text.libgcc.mul
                0x0000000000000000        0x0 c:/program files/microchip/xc8/v2.31/avr/bin/../lib/gcc/avr/5.4.0/avr5/memx-const\libgcc.a(_adddi3.o)
 .text.libgcc.div
                0x0000000000000000        0x0 c:/program files/microchip/xc8/v2.31/avr/bin/../lib/gcc/avr/5.4.0/avr5/memx-const\libgcc.a(_adddi3.o)
 .text.libgcc   0x0000000000000000       0x12 c:/program files/microchip/xc8/v2.31/avr/bin/../lib/gcc/avr/5.4.0/avr5/memx-const\libgcc.a(_adddi3.o)
 .text.libgcc.prologue
                0x0000000000000000        0x0 c:/program files/microchip/xc8/v2.31/avr/bin/../lib/gcc/avr/5.4.0/avr5/memx-const\libgcc.a(_adddi3.o)
 .text.libgcc.builtins
                0x0000000000000000        0x0 c:/program files/microchip/xc8/v2.31/avr/bin/../lib/gcc/avr/5.4.0/avr5/memx-const\libgcc.a(_adddi3.o)
 .text.libgcc.fmul
                0x0000000000000000        0x0 c:/program files/microchip/xc8/v2.31/avr/bin/../lib/gcc/avr/5.4.0/avr5/memx-const\libgcc.a(_adddi3.o)
 .text.libgcc.fixed
                0x0000000000000000        0x0 c:/program files/microchip/xc8/v2.31/avr/bin/../lib/gcc/avr/5.4.0/avr5/memx-const\libgcc.a(_adddi3.o)
 .text          0x0000000000000000        0x0 c:/program files/microchip/xc8/v2.31/avr/bin/../lib/gcc/avr/5.4.0/avr5/memx-const\libgcc.a(_adddi3_s8.o)
 .data          0x0000000000000000        0x0 c:/program files/microchip/xc8/v2.31/avr/bin/../lib/gcc/avr/5.4.0/avr5/memx-const\libgcc.a(_adddi3_s8.o)
 .bss           0x0000000000000000        0x0 c:/program files/microchip/xc8/v2.31/avr/bin/../lib/gcc/avr/5.4.0/avr5/memx-const\libgcc.a(_adddi3_s8.o)
 .text.libgcc.mul
                0x0000000000000000        0x0 c:/program files/microchip/xc8/v2.31/avr/bin/../lib/gcc/avr/5.4.0/avr5/memx-const\libgcc.a(_adddi3_s8.o)
 .text.libgcc.div
                0x0000000000000000        0x0 c:/program files/microchip/xc8/v2.31/avr/bin/../lib/gcc/avr/5.4.0/avr5/memx-const\libgcc.a(_adddi3_s8.o)
 .text.libgcc   0x0000000000000000       0x18 c:/program files/microchip/xc8/v2.31/avr/bin/../lib/gcc/avr/5.4.0/avr5/memx-const\libgcc.a(_adddi3_s8.o)
 .text.libgcc.prologue
                0x0000000000000000        0x0 c:/program files/microchip/xc8/v2.31/avr/bin/../lib/gcc/avr/5.4.0/avr5/memx-const\libgcc.a(_adddi3_s8.o)
 .text.libgcc.builtins
                0x0000000000000000        0x0 c:/program files/microchip/xc8/v2.31/avr/bin/../lib/gcc/avr/5.4.0/avr5/memx-const\libgcc.a(_adddi3_s8.o)
 .text.libgcc.fmul
                0x0000000000000000        0x0 c:/program files/microchip/xc8/v2.31/avr/bin/../lib/gcc/avr/5.4.0/avr5/memx-const\libgcc.a(_adddi3_s8.o)
 .text.libgcc.fixed
                0x0000000000000000        0x0 c:/program files/microchip/xc8/v2.31/avr/bin/../lib/gcc/avr/5.4.0/avr5/memx-const\libgcc.a(_adddi3_s8.o)
 .text          0x0000000000000000        0x0 c:/program files/microchip/xc8/v2.31/avr/bin/../lib/gcc/avr/5.4.0/avr5/memx-const\libgcc.a(_subdi3.o)
 .data          0x0000000000000000        0x0 c:/program files/microchip/xc8/v2.31/avr/bin/../lib/gcc/avr/5.4.0/avr5/memx-const\libgcc.a(_subdi3.o)
 .bss           0x0000000000000000        0x0 c:/program files/microchip/xc8/v2.31/avr/bin/../lib/gcc/avr/5.4.0/avr5/memx-const\libgcc.a(_subdi3.o)
 .text.libgcc.mul
                0x0000000000000000        0x0 c:/program files/microchip/xc8/v2.31/avr/bin/../lib/gcc/avr/5.4.0/avr5/memx-const\libgcc.a(_subdi3.o)
 .text.libgcc.div
                0x0000000000000000        0x0 c:/program files/microchip/xc8/v2.31/avr/bin/../lib/gcc/avr/5.4.0/avr5/memx-const\libgcc.a(_subdi3.o)
 .text.libgcc   0x0000000000000000       0x12 c:/program files/microchip/xc8/v2.31/avr/bin/../lib/gcc/avr/5.4.0/avr5/memx-const\libgcc.a(_subdi3.o)
 .text.libgcc.prologue
                0x0000000000000000        0x0 c:/program files/microchip/xc8/v2.31/avr/bin/../lib/gcc/avr/5.4.0/avr5/memx-const\libgcc.a(_subdi3.o)
 .text.libgcc.builtins
                0x0000000000000000        0x0 c:/program files/microchip/xc8/v2.31/avr/bin/../lib/gcc/avr/5.4.0/avr5/memx-const\libgcc.a(_subdi3.o)
 .text.libgcc.fmul
                0x0000000000000000        0x0 c:/program files/microchip/xc8/v2.31/avr/bin/../lib/gcc/avr/5.4.0/avr5/memx-const\libgcc.a(_subdi3.o)
 .text.libgcc.fixed
                0x0000000000000000        0x0 c:/program files/microchip/xc8/v2.31/avr/bin/../lib/gcc/avr/5.4.0/avr5/memx-const\libgcc.a(_subdi3.o)
 .text          0x0000000000000000        0x0 c:/program files/microchip/xc8/v2.31/avr/bin/../lib/gcc/avr/5.4.0/avr5/memx-const\libgcc.a(_cmpdi2_s8.o)
 .data          0x0000000000000000        0x0 c:/program files/microchip/xc8/v2.31/avr/bin/../lib/gcc/avr/5.4.0/avr5/memx-const\libgcc.a(_cmpdi2_s8.o)
 .bss           0x0000000000000000        0x0 c:/program files/microchip/xc8/v2.31/avr/bin/../lib/gcc/avr/5.4.0/avr5/memx-const\libgcc.a(_cmpdi2_s8.o)
 .text.libgcc.mul
                0x0000000000000000        0x0 c:/program files/microchip/xc8/v2.31/avr/bin/../lib/gcc/avr/5.4.0/avr5/memx-const\libgcc.a(_cmpdi2_s8.o)
 .text.libgcc.div
                0x0000000000000000        0x0 c:/program files/microchip/xc8/v2.31/avr/bin/../lib/gcc/avr/5.4.0/avr5/memx-const\libgcc.a(_cmpdi2_s8.o)
 .text.libgcc   0x0000000000000000       0x18 c:/program files/microchip/xc8/v2.31/avr/bin/../lib/gcc/avr/5.4.0/avr5/memx-const\libgcc.a(_cmpdi2_s8.o)
 .text.libgcc.prologue
                0x0000000000000000        0x0 c:/program files/microchip/xc8/v2.31/avr/bin/../lib/gcc/avr/5.4.0/avr5/memx-const\libgcc.a(_cmpdi2_s8.o)
 .text.libgcc.builtins
                0x0000000000000000        0x0 c:/program files/microchip/xc8/v2.31/avr/bin/../lib/gcc/avr/5.4.0/avr5/memx-const\libgcc.a(_cmpdi2_s8.o)
 .text.libgcc.fmul
                0x0000000000000000        0x0 c:/program files/microchip/xc8/v2.31/avr/bin/../lib/gcc/avr/5.4.0/avr5/memx-const\libgcc.a(_cmpdi2_s8.o)
 .text.libgcc.fixed
                0x0000000000000000        0x0 c:/program files/microchip/xc8/v2.31/avr/bin/../lib/gcc/avr/5.4.0/avr5/memx-const\libgcc.a(_cmpdi2_s8.o)
 .text          0x0000000000000000        0x0 c:/program files/microchip/xc8/v2.31/avr/bin/../lib/gcc/avr/5.4.0/../../../../avr/lib/avr5/memx-const\libc.a(malloc.o)
 .bss           0x0000000000000000        0x0 c:/program files/microchip/xc8/v2.31/avr/bin/../lib/gcc/avr/5.4.0/../../../../avr/lib/avr5/memx-const\libc.a(malloc.o)

Memory Configuration

Name             Origin             Length             Attributes
text             0x0000000000000000 0x0000000000008000 xr
data             0x0000000000800100 0x0000000000000800 rw !x
eeprom           0x0000000000810000 0x0000000000000400 rw !x
fuse             0x0000000000820000 0x0000000000000003 rw !x
lock             0x0000000000830000 0x0000000000000400 rw !x
signature        0x0000000000840000 0x0000000000000400 rw !x
user_signatures  0x0000000000850000 0x0000000000000400 rw !x
*default*        0x0000000000000000 0xffffffffffffffff

Linker script and memory map

Address of section .data set to 0x800100
LOAD C:/Program Files (x86)/Atmel/Studio/7.0/Packs/atmel/ATmega_DFP/1.6.364/xc8/avr/lib/avr5/memx-const/crtatmega328p.o
LOAD HAL/ESC_program.o
LOAD HAL/LCD_program.o
LOAD main.o
LOAD MCAL/I2C_program.o
LOAD MCAL/manipPin_program.o
LOAD MCAL/TIMER_program.o
LOAD REF/CLOCK_program.o
LOAD REF/MATH.o
LOAD REF/PID.o
START GROUP
LOAD c:/program files/microchip/xc8/v2.31/avr/bin/../lib/gcc/avr/5.4.0/../../../../avr/lib/avr5/memx-const\libm.a
END GROUP
START GROUP
LOAD c:/program files/microchip/xc8/v2.31/avr/bin/../lib/gcc/avr/5.4.0/avr5/memx-const\libgcc.a
LOAD c:/program files/microchip/xc8/v2.31/avr/bin/../lib/gcc/avr/5.4.0/../../../../avr/lib/avr5/memx-const\libm.a
LOAD c:/program files/microchip/xc8/v2.31/avr/bin/../lib/gcc/avr/5.4.0/../../../../avr/lib/avr5/memx-const\libc.a
LOAD C:/Program Files (x86)/Atmel/Studio/7.0/Packs/atmel/ATmega_DFP/1.6.364/xc8/avr/lib/avr5/memx-const\libatmega328p.a
END GROUP
                0x0000000000000000                __TEXT_REGION_ORIGIN__ = DEFINED (__TEXT_REGION_ORIGIN__)?__TEXT_REGION_ORIGIN__:0x0
                [0x0000000000800100]                __DATA_REGION_ORIGIN__ = DEFINED (__DATA_REGION_ORIGIN__)?__DATA_REGION_ORIGIN__:0x800060
                [0x0000000000008000]                __TEXT_REGION_LENGTH__ = DEFINED (__TEXT_REGION_LENGTH__)?__TEXT_REGION_LENGTH__:0x20000
                [0x0000000000000800]                __DATA_REGION_LENGTH__ = DEFINED (__DATA_REGION_LENGTH__)?__DATA_REGION_LENGTH__:0xffa0
                [0x0000000000000400]                __EEPROM_REGION_LENGTH__ = DEFINED (__EEPROM_REGION_LENGTH__)?__EEPROM_REGION_LENGTH__:0x10000
                [0x0000000000000003]                __FUSE_REGION_LENGTH__ = DEFINED (__FUSE_REGION_LENGTH__)?__FUSE_REGION_LENGTH__:0x400
                0x0000000000000400                __LOCK_REGION_LENGTH__ = DEFINED (__LOCK_REGION_LENGTH__)?__LOCK_REGION_LENGTH__:0x400
                0x0000000000000400                __SIGNATURE_REGION_LENGTH__ = DEFINED (__SIGNATURE_REGION_LENGTH__)?__SIGNATURE_REGION_LENGTH__:0x400
                0x0000000000000400                __USER_SIGNATURE_REGION_LENGTH__ = DEFINED (__USER_SIGNATURE_REGION_LENGTH__)?__USER_SIGNATURE_REGION_LENGTH__:0x400

.hash
 *(.hash)

.dynsym
 *(.dynsym)

.dynstr
 *(.dynstr)

.gnu.version
 *(.gnu.version)

.gnu.version_d
 *(.gnu.version_d)

.gnu.version_r
 *(.gnu.version_r)

.rel.init
 *(.rel.init)

.rela.init
 *(.rela.init)

.rel.text
 *(.rel.text)
 *(.rel.text.*)
 *(.rel.gnu.linkonce.t*)

.rela.text
 *(.rela.text)
 *(.rela.text.*)
 *(.rela.gnu.linkonce.t*)

.rel.fini
 *(.rel.fini)

.rela.fini
 *(.rela.fini)

.rel.rodata
 *(.rel.rodata)
 *(.rel.rodata.*)
 *(.rel.gnu.linkonce.r*)

.rela.rodata
 *(.rela.rodata)
 *(.rela.rodata.*)
 *(.rela.gnu.linkonce.r*)

.rel.data
 *(.rel.data)
 *(.rel.data.*)
 *(.rel.gnu.linkonce.d*)

.rela.data
 *(.rela.data)
 *(.rela.data.*)
 *(.rela.gnu.linkonce.d*)

.rel.ctors
 *(.rel.ctors)

.rela.ctors
 *(.rela.ctors)

.rel.dtors
 *(.rel.dtors)

.rela.dtors
 *(.rela.dtors)

.rel.got
 *(.rel.got)

.rela.got
 *(.rela.got)

.rel.bss
 *(.rel.bss)

.rela.bss
 *(.rela.bss)

.rel.plt
 *(.rel.plt)

.rela.plt
 *(.rela.plt)

.text           0x0000000000000000       0xc8
 *(.vectors)
 .vectors       0x0000000000000000       0x68 C:/Program Files (x86)/Atmel/Studio/7.0/Packs/atmel/ATmega_DFP/1.6.364/xc8/avr/lib/avr5/memx-const/crtatmega328p.o
                0x0000000000000000                __vector_default
                0x0000000000000000                __vectors
 *(.vectors)
 *(.progmem.gcc*)
 *(.dinit)
 .dinit         0x0000000000000068        0xc data_init
                0x0000000000000074                . = ALIGN (0x2)
                0x0000000000000074                __trampolines_start = .
 *(.trampolines)
 .trampolines   0x0000000000000074        0x0 linker stubs
 *(.trampolines*)
                0x0000000000000074                __trampolines_end = .
 *libprintf_flt.a:*(.progmem.data)
 *libc.a:*(.progmem.data)
                0x0000000000000074                . = ALIGN (0x2)
 *(.jumptables)
 *(.jumptables*)
 *(.lowtext)
 *(.lowtext*)
                0x0000000000000074                __ctors_start = .
 *(.ctors)
                0x0000000000000074                __ctors_end = .
                0x0000000000000074                __dtors_start = .
 *(.dtors)
                0x0000000000000074                __dtors_end = .
 SORT(*)(.ctors)
 SORT(*)(.dtors)
 *(.init0)
 .init0         0x0000000000000074        0x0 C:/Program Files (x86)/Atmel/Studio/7.0/Packs/atmel/ATmega_DFP/1.6.364/xc8/avr/lib/avr5/memx-const/crtatmega328p.o
                0x0000000000000074                __init
 *(.init0)
 *(.init1)
 *(.init1)
 *(.init2)
 .init2         0x0000000000000074        0xc C:/Program Files (x86)/Atmel/Studio/7.0/Packs/atmel/ATmega_DFP/1.6.364/xc8/avr/lib/avr5/memx-const/crtatmega328p.o
 *(.init2)
 *(.init3)
 *(.init3)
 *(.init4)
 .init4         0x0000000000000080       0x3c c:/program files/microchip/xc8/v2.31/avr/bin/../lib/gcc/avr/5.4.0/avr5/memx-const\libgcc.a(_copy_data.o)
                0x0000000000000080                __do_copy_data
                0x00000000000000ae                __do_clear_bss
 *(.init4)
 *(.init5)
 *(.init5)
 *(.init6)
 *(.init6)
 *(.init7)
 *(.init7)
 *(.init8)
 *(.init8)
 *(.init9)
 .init9         0x00000000000000bc        0x8 C:/Program Files (x86)/Atmel/Studio/7.0/Packs/atmel/ATmega_DFP/1.6.364/xc8/avr/lib/avr5/memx-const/crtatmega328p.o
 *(.init9)
                0x00000000000000c4                . = ALIGN (0x2)
 *(.fini9)
 .fini9         0x00000000000000c4        0x0 c:/program files/microchip/xc8/v2.31/avr/bin/../lib/gcc/avr/5.4.0/avr5/memx-const\libgcc.a(_exit.o)
                0x00000000000000c4                _exit
                0x00000000000000c4                exit
 *(.fini9)
 *(.fini8)
 *(.fini8)
 *(.fini7)
 *(.fini7)
 *(.fini6)
 *(.fini6)
 *(.fini5)
 *(.fini5)
 *(.fini4)
 *(.fini4)
 *(.fini3)
 *(.fini3)
 *(.fini2)
 *(.fini2)
 *(.fini1)
 *(.fini1)
 *(.fini0)
 .fini0         0x00000000000000c4        0x4 c:/program files/microchip/xc8/v2.31/avr/bin/../lib/gcc/avr/5.4.0/avr5/memx-const\libgcc.a(_exit.o)
 *(.fini0)
                0x00000000000000c8                _etext = .

.data           0x0000000000800100        0x0 load address 0x00000000000000c8
                [!provide]                        PROVIDE (__data_start, .)
 *(.gnu.linkonce.d*)
 *(.gnu.linkonce.r*)
                0x0000000000800100                . = ALIGN (0x2)
                0x0000000000800100                _edata = .
                [!provide]                        PROVIDE (__data_end, .)

.bss            0x0000000000800100       0x2e
                [!provide]                        PROVIDE (__bss_start, .)
 *(COMMON)
 COMMON         0x0000000000800100        0x4 HAL/ESC_program.o
                0x0000000000800100                MTIM1TOV1TCNT1
 COMMON         0x0000000000800104        0x3 MCAL/I2C_program.o
                0x0000000000800104                was_called
                0x0000000000800105                MI2C_strRecived
 COMMON         0x0000000000800107       0x23 MCAL/TIMER_program.o
                0x0000000000800107                PTIM1FirstTCNT
                0x000000000080010b                PTIM1_callback_OVF
                0x000000000080010d                PTIM1Mode
                0x000000000080010e                PTIMICPDuties
                0x0000000000800110                PTIM0_callback_COMPA
                0x0000000000800112                PTIM0And1Prescaler
                0x0000000000800114                PTIM2_callback_OVF
                0x0000000000800116                PTIM1_callback_CAPT
                0x0000000000800118                PTIM0_callback_COMPB
                0x000000000080011a                PTIM1_callback_COMPA
                0x000000000080011c                PTIM0Mode
                0x000000000080011d                PTIM0And1OVFCount
                0x000000000080011f                PTIM2_callback_COMPA
                0x0000000000800121                PTIM2_callback_COMPB
                0x0000000000800123                PTIM0_callback_OVF
                0x0000000000800125                PTIM1_callback_COMPB
                0x0000000000800127                PTIM2Mode
                0x0000000000800128                PTIM2Prescaler
 COMMON         0x000000000080012a        0x4 c:/program files/microchip/xc8/v2.31/avr/bin/../lib/gcc/avr/5.4.0/../../../../avr/lib/avr5/memx-const\libc.a(malloc.o)
                0x000000000080012a                __brkval
                0x000000000080012c                __flp
                [!provide]                        PROVIDE (__bss_end, .)
                0x00000000000000c8                __data_load_start = LOADADDR (.data)
                0x00000000000000c8                __data_load_end = (__data_load_start + SIZEOF (.data))

.noinit         0x000000000080012e        0x0
                [!provide]                        PROVIDE (__noinit_start, .)
 *(.noinit*)
                [!provide]                        PROVIDE (__noinit_end, .)
                0x000000000080012e                _end = .

.eeprom         0x0000000000810000        0x0
 *(.eeprom*)
                0x0000000000810000                __eeprom_end = .

.fuse
 *(.fuse)
 *(.lfuse)
 *(.hfuse)
 *(.efuse)

.lock
 *(.lock*)

.signature
 *(.signature*)

.user_signatures
 *(.user_signatures*)

.stab
 *(.stab)

.stabstr
 *(.stabstr)

.stab.excl
 *(.stab.excl)

.stab.exclstr
 *(.stab.exclstr)

.stab.index
 *(.stab.index)

.stab.indexstr
 *(.stab.indexstr)

.comment        0x0000000000000000       0x5b
 *(.comment)
 .comment       0x0000000000000000       0x2f HAL/ESC_program.o
                                         0x30 (size before relaxing)
 .comment       0x000000000000002f       0x30 main.o
 .comment       0x000000000000002f       0x30 MCAL/I2C_program.o
 .comment       0x000000000000002f       0x30 MCAL/manipPin_program.o
 .comment       0x000000000000002f       0x30 MCAL/TIMER_program.o
 .comment       0x000000000000002f       0x30 REF/CLOCK_program.o
 .comment       0x000000000000002f       0x30 REF/MATH.o
 .comment       0x000000000000002f       0x30 REF/PID.o
 .comment       0x000000000000002f       0x2c c:/program files/microchip/xc8/v2.31/avr/bin/../lib/gcc/avr/5.4.0/../../../../avr/lib/avr5/memx-const\libc.a(malloc.o)
                                         0x2d (size before relaxing)

.note.gnu.build-id
 *(.note.gnu.build-id)

.debug
 *(.debug)

.line
 *(.line)

.debug_srcinfo
 *(.debug_srcinfo)

.debug_sfnames
 *(.debug_sfnames)

.debug_aranges  0x0000000000000000      0x3b0
 *(.debug_aranges)
 .debug_aranges
                0x0000000000000000       0x40 HAL/ESC_program.o
 .debug_aranges
                0x0000000000000040       0x68 main.o
 .debug_aranges
                0x00000000000000a8       0xa0 MCAL/I2C_program.o
 .debug_aranges
                0x0000000000000148       0x48 MCAL/manipPin_program.o
 .debug_aranges
                0x0000000000000190      0x190 MCAL/TIMER_program.o
 .debug_aranges
                0x0000000000000320       0x28 REF/CLOCK_program.o
 .debug_aranges
                0x0000000000000348       0x38 REF/MATH.o
 .debug_aranges
                0x0000000000000380       0x30 REF/PID.o

.debug_pubnames
 *(.debug_pubnames)

.debug_info     0x0000000000000000     0x5af1
 *(.debug_info .gnu.linkonce.wi.*)
 .debug_info    0x0000000000000000      0x5f4 C:/Program Files (x86)/Atmel/Studio/7.0/Packs/atmel/ATmega_DFP/1.6.364/xc8/avr/lib/avr5/memx-const/crtatmega328p.o
 .debug_info    0x00000000000005f4      0xe53 HAL/ESC_program.o
 .debug_info    0x0000000000001447     0x11bc main.o
 .debug_info    0x0000000000002603      0x992 MCAL/I2C_program.o
 .debug_info    0x0000000000002f95      0x59e MCAL/manipPin_program.o
 .debug_info    0x0000000000003533     0x18aa MCAL/TIMER_program.o
 .debug_info    0x0000000000004ddd      0x2da REF/CLOCK_program.o
 .debug_info    0x00000000000050b7      0x4b8 REF/MATH.o
 .debug_info    0x000000000000556f      0x582 REF/PID.o

.debug_abbrev   0x0000000000000000     0x114a
 *(.debug_abbrev)
 .debug_abbrev  0x0000000000000000      0x5a2 C:/Program Files (x86)/Atmel/Studio/7.0/Packs/atmel/ATmega_DFP/1.6.364/xc8/avr/lib/avr5/memx-const/crtatmega328p.o
 .debug_abbrev  0x00000000000005a2      0x1b9 HAL/ESC_program.o
 .debug_abbrev  0x000000000000075b      0x1a2 main.o
 .debug_abbrev  0x00000000000008fd      0x232 MCAL/I2C_program.o
 .debug_abbrev  0x0000000000000b2f       0xe2 MCAL/manipPin_program.o
 .debug_abbrev  0x0000000000000c11      0x29d MCAL/TIMER_program.o
 .debug_abbrev  0x0000000000000eae       0x80 REF/CLOCK_program.o
 .debug_abbrev  0x0000000000000f2e       0xfe REF/MATH.o
 .debug_abbrev  0x000000000000102c      0x11e REF/PID.o

.debug_line     0x0000000000000000     0x1eb6
 *(.debug_line .debug_line.* .debug_line_end)
 .debug_line    0x0000000000000000      0x137 C:/Program Files (x86)/Atmel/Studio/7.0/Packs/atmel/ATmega_DFP/1.6.364/xc8/avr/lib/avr5/memx-const/crtatmega328p.o
 .debug_line    0x0000000000000137      0x278 HAL/ESC_program.o
 .debug_line    0x00000000000003af      0x380 main.o
 .debug_line    0x000000000000072f      0x647 MCAL/I2C_program.o
 .debug_line    0x0000000000000d76      0x236 MCAL/manipPin_program.o
 .debug_line    0x0000000000000fac      0xba2 MCAL/TIMER_program.o
 .debug_line    0x0000000000001b4e       0x85 REF/CLOCK_program.o
 .debug_line    0x0000000000001bd3      0x13c REF/MATH.o
 .debug_line    0x0000000000001d0f      0x1a7 REF/PID.o

.debug_frame    0x0000000000000000      0xde8
 *(.debug_frame)
 .debug_frame   0x0000000000000000       0xd8 HAL/ESC_program.o
 .debug_frame   0x00000000000000d8      0x16c main.o
 .debug_frame   0x0000000000000244      0x184 MCAL/I2C_program.o
 .debug_frame   0x00000000000003c8       0x74 MCAL/manipPin_program.o
 .debug_frame   0x000000000000043c      0x7b0 MCAL/TIMER_program.o
 .debug_frame   0x0000000000000bec       0x40 REF/CLOCK_program.o
 .debug_frame   0x0000000000000c2c       0x90 REF/MATH.o
 .debug_frame   0x0000000000000cbc      0x12c REF/PID.o

.debug_str      0x0000000000000000      0x500
 *(.debug_str)
 .debug_str     0x0000000000000000      0x208 C:/Program Files (x86)/Atmel/Studio/7.0/Packs/atmel/ATmega_DFP/1.6.364/xc8/avr/lib/avr5/memx-const/crtatmega328p.o
 .debug_str     0x0000000000000208       0xe1 HAL/ESC_program.o
 .debug_str     0x00000000000002e9       0xb6 main.o
 .debug_str     0x000000000000039f       0x4c MCAL/I2C_program.o
 .debug_str     0x00000000000003eb        0xa MCAL/manipPin_program.o
 .debug_str     0x00000000000003f5       0xa8 MCAL/TIMER_program.o
 .debug_str     0x000000000000049d        0x0 REF/CLOCK_program.o
 .debug_str     0x000000000000049d        0x7 REF/MATH.o
 .debug_str     0x00000000000004a4       0x5c REF/PID.o

.debug_loc      0x0000000000000000     0x36fc
 *(.debug_loc)
 .debug_loc     0x0000000000000000      0x6b9 HAL/ESC_program.o
 .debug_loc     0x00000000000006b9      0x8ab main.o
 .debug_loc     0x0000000000000f64      0x4c8 MCAL/I2C_program.o
 .debug_loc     0x000000000000142c      0x39b MCAL/manipPin_program.o
 .debug_loc     0x00000000000017c7     0x1618 MCAL/TIMER_program.o
 .debug_loc     0x0000000000002ddf       0xd0 REF/CLOCK_program.o
 .debug_loc     0x0000000000002eaf      0x2e3 REF/MATH.o
 .debug_loc     0x0000000000003192      0x56a REF/PID.o

.debug_macinfo
 *(.debug_macinfo)

.debug_weaknames
 *(.debug_weaknames)

.debug_funcnames
 *(.debug_funcnames)

.debug_typenames
 *(.debug_typenames)

.debug_varnames
 *(.debug_varnames)

.debug_pubtypes
 *(.debug_pubtypes)

.debug_ranges   0x0000000000000000      0x360
 *(.debug_ranges)
 .debug_ranges  0x0000000000000000       0x30 HAL/ESC_program.o
 .debug_ranges  0x0000000000000030       0x58 main.o
 .debug_ranges  0x0000000000000088       0x90 MCAL/I2C_program.o
 .debug_ranges  0x0000000000000118       0x38 MCAL/manipPin_program.o
 .debug_ranges  0x0000000000000150      0x180 MCAL/TIMER_program.o
 .debug_ranges  0x00000000000002d0       0x18 REF/CLOCK_program.o
 .debug_ranges  0x00000000000002e8       0x58 REF/MATH.o
 .debug_ranges  0x0000000000000340       0x20 REF/PID.o

.debug_macro
 *(.debug_macro)
OUTPUT(rov.elf elf32-avr)
LOAD linker stubs
LOAD data_init

.note.gnu.avr.deviceinfo
                0x0000000000000000       0x40
 .note.gnu.avr.deviceinfo
                0x0000000000000000       0x40 C:/Program Files (x86)/Atmel/Studio/7.0/Packs/atmel/ATmega_DFP/1.6.364/xc8/avr/lib/avr5/memx-const/crtatmega328p.o

.text.PID_update
                0x00000000000000c8      0x39c
 .text.PID_update
                0x00000000000000c8      0x39c REF/PID.o
                0x00000000000000c8                PID_update

.text.HESC_voidInit
                0x0000000000000464      0x2d8
 .text.HESC_voidInit
                0x0000000000000464      0x2d8 HAL/ESC_program.o
                0x0000000000000464                HESC_voidInit

.text.MTIM1_voidInit
                0x000000000000073c      0x2d2
 .text.MTIM1_voidInit
                0x000000000000073c      0x2d2 MCAL/TIMER_program.o
                0x000000000000073c                MTIM1_voidInit

.text.avrlibc   0x0000000000000a0e      0x242
 .text.avrlibc  0x0000000000000a0e      0x242 c:/program files/microchip/xc8/v2.31/avr/bin/../lib/gcc/avr/5.4.0/../../../../avr/lib/avr5/memx-const\libc.a(malloc.o)
                0x0000000000000a0e                malloc
                0x0000000000000b3e                free

.text.main      0x0000000000000c50      0x22c
 .text.main     0x0000000000000c50      0x22c main.o
                0x0000000000000c50                main

.text.MTIM2_voidInit
                0x0000000000000e7c      0x168
 .text.MTIM2_voidInit
                0x0000000000000e7c      0x168 MCAL/TIMER_program.o
                0x0000000000000e7c                MTIM2_voidInit

.text.MTIM0_voidInit
                0x0000000000000fe4      0x116
 .text.MTIM0_voidInit
                0x0000000000000fe4      0x116 MCAL/TIMER_program.o
                0x0000000000000fe4                MTIM0_voidInit

.text.init_PID  0x00000000000010fa      0x114
 .text.init_PID
                0x00000000000010fa      0x114 REF/PID.o
                0x00000000000010fa                init_PID

.text.avrlibc.fplib
                0x000000000000120e       0xde
 .text.avrlibc.fplib
                0x000000000000120e       0xde c:/program files/microchip/xc8/v2.31/avr/bin/../lib/gcc/avr/5.4.0/../../../../avr/lib/avr5/memx-const\libm.a(divsf3x.o)
                0x000000000000120e                __divsf3x
                0x0000000000001236                __divsf3_pse

.text.avrlibc.fplib
                0x00000000000012ec       0xd4
 .text.avrlibc.fplib
                0x00000000000012ec       0xd4 c:/program files/microchip/xc8/v2.31/avr/bin/../lib/gcc/avr/5.4.0/../../../../avr/lib/avr5/memx-const\libm.a(mulsf3x.o)
                0x00000000000012ec                __mulsf3x
                0x0000000000001312                __mulsf3_pse

.text.avrlibc.fplib
                0x00000000000013c0       0xce
 .text.avrlibc.fplib
                0x00000000000013c0       0xce c:/program files/microchip/xc8/v2.31/avr/bin/../lib/gcc/avr/5.4.0/../../../../avr/lib/avr5/memx-const\libm.a(addsf3x.o)
                0x00000000000013c0                __addsf3x

.text.Init_ESCs
                0x000000000000148e       0xac
 .text.Init_ESCs
                0x000000000000148e       0xac main.o
                0x000000000000148e                Init_ESCs

.text.libgcc.div
                0x000000000000153a       0xa2
 .text.libgcc.div
                0x000000000000153a       0xa2 c:/program files/microchip/xc8/v2.31/avr/bin/../lib/gcc/avr/5.4.0/avr5/memx-const\libgcc.a(_udivmod64.o)
                0x000000000000153a                __udivmod64

.text.libgcc.mul
                0x00000000000015dc       0xa0
 .text.libgcc.mul
                0x00000000000015dc       0xa0 c:/program files/microchip/xc8/v2.31/avr/bin/../lib/gcc/avr/5.4.0/avr5/memx-const\libgcc.a(_muldi3.o)
                0x00000000000015dc                __muldi3

.text.MANIPPIN_voidInitPin
                0x000000000000167c       0x9e
 .text.MANIPPIN_voidInitPin
                0x000000000000167c       0x9e MCAL/manipPin_program.o
                0x000000000000167c                MANIPPIN_voidInitPin

.text.MTIM0And1_u16ArrGetFirstLargerPrescaler
                0x000000000000171a       0x96
 .text.MTIM0And1_u16ArrGetFirstLargerPrescaler
                0x000000000000171a       0x96 MCAL/TIMER_program.o
                0x000000000000171a                MTIM0And1_u16ArrGetFirstLargerPrescaler

.text.MTIM2_u16ArrGetFirstLargerPrescaler
                0x00000000000017b0       0x96
 .text.MTIM2_u16ArrGetFirstLargerPrescaler
                0x00000000000017b0       0x96 MCAL/TIMER_program.o
                0x00000000000017b0                MTIM2_u16ArrGetFirstLargerPrescaler

.text.avrlibc.fplib
                0x0000000000001846       0x7a
 .text.avrlibc.fplib
                0x0000000000001846       0x7a c:/program files/microchip/xc8/v2.31/avr/bin/../lib/gcc/avr/5.4.0/../../../../avr/lib/avr5/memx-const\libm.a(floatsisf.o)
                0x0000000000001846                __floatunsisf
                0x000000000000184a                __floatsisf

.text.HESC_u8OCR
                0x00000000000018c0       0x70
 .text.HESC_u8OCR
                0x00000000000018c0       0x70 HAL/ESC_program.o
                0x00000000000018c0                HESC_u8OCR

.text.__vector_13
                0x0000000000001930       0x64
 .text.__vector_13
                0x0000000000001930       0x64 MCAL/TIMER_program.o
                0x0000000000001930                __vector_13

.text.avrlibc.fplib
                0x0000000000001994       0x5e
 .text.avrlibc.fplib
                0x0000000000001994       0x5e c:/program files/microchip/xc8/v2.31/avr/bin/../lib/gcc/avr/5.4.0/../../../../avr/lib/avr5/memx-const\libm.a(fixunssfsi.o)
                0x0000000000001994                __fixunssfsi

.text.isPID_time
                0x00000000000019f2       0x5c
 .text.isPID_time
                0x00000000000019f2       0x5c REF/PID.o
                0x00000000000019f2                isPID_time

.text.MI2C_voidSlaveInit
                0x0000000000001a4e       0x58
 .text.MI2C_voidSlaveInit
                0x0000000000001a4e       0x58 MCAL/I2C_program.o
                0x0000000000001a4e                MI2C_voidSlaveInit

.text.MTIM1_u32GetElapsedTicks
                0x0000000000001aa6       0x56
 .text.MTIM1_u32GetElapsedTicks
                0x0000000000001aa6       0x56 MCAL/TIMER_program.o
                0x0000000000001aa6                MTIM1_u32GetElapsedTicks

.text.__vector_10
                0x0000000000001afc       0x56
 .text.__vector_10
                0x0000000000001afc       0x56 MCAL/TIMER_program.o
                0x0000000000001afc                __vector_10

.text.MI2C_u8SlaveReadData
                0x0000000000001b52       0x54
 .text.MI2C_u8SlaveReadData
                0x0000000000001b52       0x54 MCAL/I2C_program.o
                0x0000000000001b52                MI2C_u8SlaveReadData

.text.__vector_16
                0x0000000000001ba6       0x4e
 .text.__vector_16
                0x0000000000001ba6       0x4e MCAL/TIMER_program.o
                0x0000000000001ba6                __vector_16

.text.__vector_14
                0x0000000000001bf4       0x4e
 .text.__vector_14
                0x0000000000001bf4       0x4e MCAL/TIMER_program.o
                0x0000000000001bf4                __vector_14

.text.__vector_15
                0x0000000000001c42       0x4e
 .text.__vector_15
                0x0000000000001c42       0x4e MCAL/TIMER_program.o
                0x0000000000001c42                __vector_15

.text.__vector_12
                0x0000000000001c90       0x4e
 .text.__vector_12
                0x0000000000001c90       0x4e MCAL/TIMER_program.o
                0x0000000000001c90                __vector_12

.text.__vector_11
                0x0000000000001cde       0x4e
 .text.__vector_11
                0x0000000000001cde       0x4e MCAL/TIMER_program.o
                0x0000000000001cde                __vector_11

.text.__vector_9
                0x0000000000001d2c       0x4e
 .text.__vector_9
                0x0000000000001d2c       0x4e MCAL/TIMER_program.o
                0x0000000000001d2c                __vector_9

.text.__vector_7
                0x0000000000001d7a       0x4e
 .text.__vector_7
                0x0000000000001d7a       0x4e MCAL/TIMER_program.o
                0x0000000000001d7a                __vector_7

.text.__vector_8
                0x0000000000001dc8       0x4e
 .text.__vector_8
                0x0000000000001dc8       0x4e MCAL/TIMER_program.o
                0x0000000000001dc8                __vector_8

.text.MI2C_voidSlaveIsCalled
                0x0000000000001e16       0x4a
 .text.MI2C_voidSlaveIsCalled
                0x0000000000001e16       0x4a MCAL/I2C_program.o
                0x0000000000001e16                MI2C_voidSlaveIsCalled

.text.avrlibc.fplib
                0x0000000000001e60       0x48
 .text.avrlibc.fplib
                0x0000000000001e60       0x48 c:/program files/microchip/xc8/v2.31/avr/bin/../lib/gcc/avr/5.4.0/../../../../avr/lib/avr5/memx-const\libm.a(fp_cmp.o)
                0x0000000000001e60                __fp_cmp

.text.Forward   0x0000000000001ea8       0x44
 .text.Forward  0x0000000000001ea8       0x44 main.o
                0x0000000000001ea8                Forward

.text.Backward  0x0000000000001eec       0x44
 .text.Backward
                0x0000000000001eec       0x44 main.o
                0x0000000000001eec                Backward

.text.Right     0x0000000000001f30       0x44
 .text.Right    0x0000000000001f30       0x44 main.o
                0x0000000000001f30                Right

.text.Left      0x0000000000001f74       0x44
 .text.Left     0x0000000000001f74       0x44 main.o
                0x0000000000001f74                Left

.text.Yaw_r     0x0000000000001fb8       0x44
 .text.Yaw_r    0x0000000000001fb8       0x44 main.o
                0x0000000000001fb8                Yaw_r

.text.Yaw_l     0x0000000000001ffc       0x44
 .text.Yaw_l    0x0000000000001ffc       0x44 main.o
                0x0000000000001ffc                Yaw_l

.text.avrlibc.fplib
                0x0000000000002040       0x44
 .text.avrlibc.fplib
                0x0000000000002040       0x44 c:/program files/microchip/xc8/v2.31/avr/bin/../lib/gcc/avr/5.4.0/../../../../avr/lib/avr5/memx-const\libm.a(fp_split3.o)
                0x0000000000002040                __fp_split3
                0x0000000000002050                __fp_splitA

.text.libgcc.div
                0x0000000000002084       0x44
 .text.libgcc.div
                0x0000000000002084       0x44 c:/program files/microchip/xc8/v2.31/avr/bin/../lib/gcc/avr/5.4.0/avr5/memx-const\libgcc.a(_udivmodsi4.o)
                0x0000000000002084                __udivmodsi4

.text.MATH_u16GetFirstLargerIndex
                0x00000000000020c8       0x3e
 .text.MATH_u16GetFirstLargerIndex
                0x00000000000020c8       0x3e REF/MATH.o
                0x00000000000020c8                MATH_u16GetFirstLargerIndex

.text.MI2C_u8SlaveReadString
                0x0000000000002106       0x3c
 .text.MI2C_u8SlaveReadString
                0x0000000000002106       0x3c MCAL/I2C_program.o
                0x0000000000002106                MI2C_u8SlaveReadString

.text.HESC_voidChangeDirAndSpeed
                0x0000000000002142       0x34
 .text.HESC_voidChangeDirAndSpeed
                0x0000000000002142       0x34 HAL/ESC_program.o
                0x0000000000002142                HESC_voidChangeDirAndSpeed

.text.MCLOCK_voidDelayMS
                0x0000000000002176       0x32
 .text.MCLOCK_voidDelayMS
                0x0000000000002176       0x32 REF/CLOCK_program.o
                0x0000000000002176                MCLOCK_voidDelayMS

.text.MTIM1_voidStartTickMeasure
                0x00000000000021a8       0x2c
 .text.MTIM1_voidStartTickMeasure
                0x00000000000021a8       0x2c MCAL/TIMER_program.o
                0x00000000000021a8                MTIM1_voidStartTickMeasure

.text.Up        0x00000000000021d4       0x26
 .text.Up       0x00000000000021d4       0x26 main.o
                0x00000000000021d4                Up

.text.Down      0x00000000000021fa       0x26
 .text.Down     0x00000000000021fa       0x26 main.o
                0x00000000000021fa                Down

.text.avrlibc.fplib
                0x0000000000002220       0x22
 .text.avrlibc.fplib
                0x0000000000002220       0x22 c:/program files/microchip/xc8/v2.31/avr/bin/../lib/gcc/avr/5.4.0/../../../../avr/lib/avr5/memx-const\libm.a(fp_round.o)
                0x0000000000002220                __fp_round

.text.MTIM1_voidSet8BitDutyCycle
                0x0000000000002242       0x20
 .text.MTIM1_voidSet8BitDutyCycle
                0x0000000000002242       0x20 MCAL/TIMER_program.o
                0x0000000000002242                MTIM1_voidSet8BitDutyCycle

.text.MTIM1_voidEnableInterrupt
                0x0000000000002262       0x20
 .text.MTIM1_voidEnableInterrupt
                0x0000000000002262       0x20 MCAL/TIMER_program.o
                0x0000000000002262                MTIM1_voidEnableInterrupt

.text.libgcc.mul
                0x0000000000002282       0x1e
 .text.libgcc.mul
                0x0000000000002282       0x1e c:/program files/microchip/xc8/v2.31/avr/bin/../lib/gcc/avr/5.4.0/avr5/memx-const\libgcc.a(_umulhisi3.o)
                0x0000000000002282                __umulhisi3

.text.libgcc.div
                0x00000000000022a0       0x1c
 .text.libgcc.div
                0x00000000000022a0       0x1c c:/program files/microchip/xc8/v2.31/avr/bin/../lib/gcc/avr/5.4.0/avr5/memx-const\libgcc.a(_udivdi3.o)
                0x00000000000022a0                __umoddi3
                0x00000000000022a4                __udivdi3
                0x00000000000022a6                __udivdi3_umoddi3

.text.MTIM2_voidSetDutyCycle
                0x00000000000022bc       0x16
 .text.MTIM2_voidSetDutyCycle
                0x00000000000022bc       0x16 MCAL/TIMER_program.o
                0x00000000000022bc                MTIM2_voidSetDutyCycle

.text.libgcc.mul
                0x00000000000022d2       0x16
 .text.libgcc.mul
                0x00000000000022d2       0x16 c:/program files/microchip/xc8/v2.31/avr/bin/../lib/gcc/avr/5.4.0/avr5/memx-const\libgcc.a(_muluhisi3.o)
                0x00000000000022d2                __muluhisi3

.text.HESC_voidChangeOCR
                0x00000000000022e8       0x14
 .text.HESC_voidChangeOCR
                0x00000000000022e8       0x14 HAL/ESC_program.o
                0x00000000000022e8                HESC_voidChangeOCR

.text.MTIM0_voidSetDutyCycle
                0x00000000000022fc       0x12
 .text.MTIM0_voidSetDutyCycle
                0x00000000000022fc       0x12 MCAL/TIMER_program.o
                0x00000000000022fc                MTIM0_voidSetDutyCycle

.text.libgcc.mul
                0x000000000000230e       0x12
 .text.libgcc.mul
                0x000000000000230e       0x12 c:/program files/microchip/xc8/v2.31/avr/bin/../lib/gcc/avr/5.4.0/avr5/memx-const\libgcc.a(_muldi3_6.o)
                0x000000000000230e                __muldi3_6

.text.avrlibc.fplib
                0x0000000000002320        0xe
 .text.avrlibc.fplib
                0x0000000000002320        0xe c:/program files/microchip/xc8/v2.31/avr/bin/../lib/gcc/avr/5.4.0/../../../../avr/lib/avr5/memx-const\libm.a(addsf3.o)
                0x0000000000002320                __subsf3
                0x0000000000002322                __addsf3

.text.avrlibc.fplib
                0x000000000000232e        0xe
 .text.avrlibc.fplib
                0x000000000000232e        0xe c:/program files/microchip/xc8/v2.31/avr/bin/../lib/gcc/avr/5.4.0/../../../../avr/lib/avr5/memx-const\libm.a(fp_pscA.o)
                0x000000000000232e                __fp_pscA

.text.avrlibc.fplib
                0x000000000000233c        0xe
 .text.avrlibc.fplib
                0x000000000000233c        0xe c:/program files/microchip/xc8/v2.31/avr/bin/../lib/gcc/avr/5.4.0/../../../../avr/lib/avr5/memx-const\libm.a(fp_pscB.o)
                0x000000000000233c                __fp_pscB

.text.avrlibc.fplib
                0x000000000000234a        0xe
 .text.avrlibc.fplib
                0x000000000000234a        0xe c:/program files/microchip/xc8/v2.31/avr/bin/../lib/gcc/avr/5.4.0/../../../../avr/lib/avr5/memx-const\libm.a(fp_zero.o)
                0x000000000000234a                __fp_zero
                0x000000000000234c                __fp_szero

.text.avrlibc.fplib
                0x0000000000002358        0xc
 .text.avrlibc.fplib
                0x0000000000002358        0xc c:/program files/microchip/xc8/v2.31/avr/bin/../lib/gcc/avr/5.4.0/../../../../avr/lib/avr5/memx-const\libm.a(fp_inf.o)
                0x0000000000002358                __fp_inf

.text.MCLOCK_u32GetSystemClock
                0x0000000000002364        0xa
 .text.MCLOCK_u32GetSystemClock
                0x0000000000002364        0xa REF/CLOCK_program.o
                0x0000000000002364                MCLOCK_u32GetSystemClock

.text.avrlibc.fplib
                0x000000000000236e        0xa
 .text.avrlibc.fplib
                0x000000000000236e        0xa c:/program files/microchip/xc8/v2.31/avr/bin/../lib/gcc/avr/5.4.0/../../../../avr/lib/avr5/memx-const\libm.a(cmpsf2.o)
                0x000000000000236e                __nesf2
                0x000000000000236e                __eqsf2
                0x000000000000236e                __cmpsf2
                0x000000000000236e                __ltsf2
                0x000000000000236e                __lesf2

.text.avrlibc.fplib
                0x0000000000002378        0xa
 .text.avrlibc.fplib
                0x0000000000002378        0xa c:/program files/microchip/xc8/v2.31/avr/bin/../lib/gcc/avr/5.4.0/../../../../avr/lib/avr5/memx-const\libm.a(gesf2.o)
                0x0000000000002378                __gesf2
                0x0000000000002378                __gtsf2

.text.PI2C_u8GetStatus
                0x0000000000002382        0x8
 .text.PI2C_u8GetStatus
                0x0000000000002382        0x8 MCAL/I2C_program.o
                0x0000000000002382                PI2C_u8GetStatus

.text.avrlibc.fplib
                0x000000000000238a        0x8
 .text.avrlibc.fplib
                0x000000000000238a        0x8 c:/program files/microchip/xc8/v2.31/avr/bin/../lib/gcc/avr/5.4.0/../../../../avr/lib/avr5/memx-const\libm.a(divsf3.o)
                0x000000000000238a                __divsf3

.text.avrlibc.fplib
                0x0000000000002392        0x8
 .text.avrlibc.fplib
                0x0000000000002392        0x8 c:/program files/microchip/xc8/v2.31/avr/bin/../lib/gcc/avr/5.4.0/../../../../avr/lib/avr5/memx-const\libm.a(mulsf3.o)
                0x0000000000002392                __mulsf3

.text.avrlibc.fplib
                0x000000000000239a        0x6
 .text.avrlibc.fplib
                0x000000000000239a        0x6 c:/program files/microchip/xc8/v2.31/avr/bin/../lib/gcc/avr/5.4.0/../../../../avr/lib/avr5/memx-const\libm.a(fp_nan.o)
                0x000000000000239a                __fp_nan

.text           0x00000000000023a0        0x4
 .text          0x00000000000023a0        0x4 C:/Program Files (x86)/Atmel/Studio/7.0/Packs/atmel/ATmega_DFP/1.6.364/xc8/avr/lib/avr5/memx-const/crtatmega328p.o
                0x00000000000023a0                __vector_22
                0x00000000000023a0                __vector_1
                0x00000000000023a0                __vector_24
                0x00000000000023a0                __bad_interrupt
                0x00000000000023a0                __vector_6
                0x00000000000023a0                __vector_3
                0x00000000000023a0                __vector_23
                0x00000000000023a0                __vector_25
                0x00000000000023a0                __vector_17
                0x00000000000023a0                __vector_19
                0x00000000000023a0                __vector_5
                0x00000000000023a0                __vector_4
                0x00000000000023a0                __vector_2
                0x00000000000023a0                __vector_21
                0x00000000000023a0                __vector_18
                0x00000000000023a0                __vector_20

.rodata         0x000000000080012e       0x20 load address 0x00000000000023a4
 .rodata        0x000000000080012e       0x20 MCAL/TIMER_program.o

.data           0x000000000080014e        0x6 load address 0x00000000000023c4
 .data          0x000000000080014e        0x6 c:/program files/microchip/xc8/v2.31/avr/bin/../lib/gcc/avr/5.4.0/../../../../avr/lib/avr5/memx-const\libc.a(malloc.o)
                0x000000000080014e                __malloc_heap_end
                0x0000000000800150                __malloc_heap_start
                0x0000000000800152                __malloc_margin
